Component: Arm Compiler for Embedded 6.21 Tool: armlink [5ec1fa00]

==============================================================================

Section Cross References

    ad403x.o(.text.AD403X_Reset) refers to gpio.o(.text.gpioResetPin) for gpioResetPin
    ad403x.o(.text.AD403X_Reset) refers to tim.o(.text.delay_us) for delay_us
    ad403x.o(.text.AD403X_Reset) refers to gpio.o(.text.gpioSetPin) for gpioSetPin
    ad403x.o(.ARM.exidx.text.AD403X_Reset) refers to ad403x.o(.text.AD403X_Reset) for [Anonymous Symbol]
    ad403x.o(.text.AD403X_EnterRegAccess) refers to ospi.o(.text.makeNCSgpio) for makeNCSgpio
    ad403x.o(.text.AD403X_EnterRegAccess) refers to spi.o(.text.SPI1TransmitOne) for SPI1TransmitOne
    ad403x.o(.ARM.exidx.text.AD403X_EnterRegAccess) refers to ad403x.o(.text.AD403X_EnterRegAccess) for [Anonymous Symbol]
    ad403x.o(.text.AD403X_ExitRegAccess) refers to spi.o(.text.SPI1TransmitOne) for SPI1TransmitOne
    ad403x.o(.ARM.exidx.text.AD403X_ExitRegAccess) refers to ad403x.o(.text.AD403X_ExitRegAccess) for [Anonymous Symbol]
    ad403x.o(.text.AD403X_WriteRegister) refers to spi.o(.text.SPI1TransmitOne) for SPI1TransmitOne
    ad403x.o(.ARM.exidx.text.AD403X_WriteRegister) refers to ad403x.o(.text.AD403X_WriteRegister) for [Anonymous Symbol]
    ad403x.o(.text.AD403X_WriteRegisterSingle) refers to ospi.o(.text.makeNCSgpio) for makeNCSgpio
    ad403x.o(.text.AD403X_WriteRegisterSingle) refers to spi.o(.text.SPI1TransmitOne) for SPI1TransmitOne
    ad403x.o(.ARM.exidx.text.AD403X_WriteRegisterSingle) refers to ad403x.o(.text.AD403X_WriteRegisterSingle) for [Anonymous Symbol]
    ad403x.o(.text.AD403X_ReadRegister) refers to spi.o(.text.SPI1TransmitOne) for SPI1TransmitOne
    ad403x.o(.ARM.exidx.text.AD403X_ReadRegister) refers to ad403x.o(.text.AD403X_ReadRegister) for [Anonymous Symbol]
    ad403x.o(.text.AD403X_ReadRegisterSingle) refers to ospi.o(.text.makeNCSgpio) for makeNCSgpio
    ad403x.o(.text.AD403X_ReadRegisterSingle) refers to spi.o(.text.SPI1TransmitOne) for SPI1TransmitOne
    ad403x.o(.ARM.exidx.text.AD403X_ReadRegisterSingle) refers to ad403x.o(.text.AD403X_ReadRegisterSingle) for [Anonymous Symbol]
    ad5686.o(.text.AD5686_WriteDAC) refers to spi.o(.text.SPI2TransmitOne) for SPI2TransmitOne
    ad5686.o(.ARM.exidx.text.AD5686_WriteDAC) refers to ad5686.o(.text.AD5686_WriteDAC) for [Anonymous Symbol]
    ad5686.o(.text.AD5686_WriteDACDMA) refers to dma.o(.text.DMA_CH1_Config) for DMA_CH1_Config
    ad5686.o(.text.AD5686_WriteDACDMA) refers to dma.o(.text.DMA_CH1_Enable) for DMA_CH1_Enable
    ad5686.o(.ARM.exidx.text.AD5686_WriteDACDMA) refers to ad5686.o(.text.AD5686_WriteDACDMA) for [Anonymous Symbol]
    ad5686.o(.text.AD5686_SetDefaultOutputs) refers to spi.o(.text.SPI2TransmitOne) for SPI2TransmitOne
    ad5686.o(.ARM.exidx.text.AD5686_SetDefaultOutputs) refers to ad5686.o(.text.AD5686_SetDefaultOutputs) for [Anonymous Symbol]
    adc.o(.ARM.exidx.text.ADCInit) refers to adc.o(.text.ADCInit) for [Anonymous Symbol]
    adc.o(.ARM.exidx.text.adcEnable) refers to adc.o(.text.adcEnable) for [Anonymous Symbol]
    adc.o(.ARM.exidx.text.adcStart) refers to adc.o(.text.adcStart) for [Anonymous Symbol]
    adc.o(.ARM.exidx.text.adcWaitforConv) refers to adc.o(.text.adcWaitforConv) for [Anonymous Symbol]
    adc.o(.ARM.exidx.text.adcGetData) refers to adc.o(.text.adcGetData) for [Anonymous Symbol]
    adc.o(.ARM.exidx.text.adc1Disable) refers to adc.o(.text.adc1Disable) for [Anonymous Symbol]
    adc.o(.ARM.exidx.text.adcGetTemp) refers to adc.o(.text.adcGetTemp) for [Anonymous Symbol]
    gpio.o(.ARM.exidx.text.gpioInit) refers to gpio.o(.text.gpioInit) for [Anonymous Symbol]
    gpio.o(.ARM.exidx.text.gpioInitPin) refers to gpio.o(.text.gpioInitPin) for [Anonymous Symbol]
    gpio.o(.ARM.exidx.text.gpioSetPin) refers to gpio.o(.text.gpioSetPin) for [Anonymous Symbol]
    gpio.o(.ARM.exidx.text.gpioResetPin) refers to gpio.o(.text.gpioResetPin) for [Anonymous Symbol]
    gpio.o(.ARM.exidx.text.interruptConfigFalling) refers to gpio.o(.text.interruptConfigFalling) for [Anonymous Symbol]
    gpio.o(.ARM.exidx.text.interruptConfigRising) refers to gpio.o(.text.interruptConfigRising) for [Anonymous Symbol]
    gpio.o(.ARM.exidx.text.gpioSetAF) refers to gpio.o(.text.gpioSetAF) for [Anonymous Symbol]
    main.o(.text) refers (Special) to _printf_percent.o(.ARM.Collect$$_printf_percent$$00000000) for _printf_percent
    main.o(.text) refers (Special) to _printf_pad.o(.text) for _printf_pre_padding
    main.o(.text) refers (Special) to _printf_f.o(.ARM.Collect$$_printf_percent$$00000003) for _printf_f
    main.o(.text) refers (Special) to printf1.o(x$fpl$printf1) for _printf_fp_dec
    main.o(.text.main) refers (Special) to _printf_percent.o(.ARM.Collect$$_printf_percent$$00000000) for _printf_percent
    main.o(.text.main) refers (Special) to _printf_pad.o(.text) for _printf_pre_padding
[...]
    __rt_lib_init_atexit_1                   0x08000315   Thumb Code     0  libinit2.o(.ARM.Collect$$libinit$$0000001D)
    __rt_lib_init_clock_1                    0x08000315   Thumb Code     0  libinit2.o(.ARM.Collect$$libinit$$00000023)
    __rt_lib_init_cpp_1                      0x08000315   Thumb Code     0  libinit2.o(.ARM.Collect$$libinit$$00000034)
    __rt_lib_init_exceptions_1               0x08000315   Thumb Code     0  libinit2.o(.ARM.Collect$$libinit$$00000032)
    __rt_lib_init_fp_trap_1                  0x08000315   Thumb Code     0  libinit2.o(.ARM.Collect$$libinit$$00000021)
    __rt_lib_init_getenv_1                   0x08000315   Thumb Code     0  libinit2.o(.ARM.Collect$$libinit$$00000025)
    __rt_lib_init_lc_numeric_1               0x08000315   Thumb Code     0  libinit2.o(.ARM.Collect$$libinit$$00000019)
    __rt_lib_init_lc_time_1                  0x08000315   Thumb Code     0  libinit2.o(.ARM.Collect$$libinit$$0000001B)
    __rt_lib_init_return                     0x08000315   Thumb Code     0  libinit2.o(.ARM.Collect$$libinit$$00000035)
    __rt_lib_init_signal_1                   0x08000315   Thumb Code     0  libinit2.o(.ARM.Collect$$libinit$$0000001F)
    __rt_lib_init_stdio_1                    0x08000315   Thumb Code     0  libinit2.o(.ARM.Collect$$libinit$$00000027)
    __rt_lib_shutdown                        0x08000321   Thumb Code     0  libshutdown.o(.ARM.Collect$$libshutdown$$00000000)
    __rt_lib_shutdown_cpp_1                  0x08000323   Thumb Code     0  libshutdown2.o(.ARM.Collect$$libshutdown$$00000002)
    __rt_lib_shutdown_fp_trap_1              0x08000323   Thumb Code     0  libshutdown2.o(.ARM.Collect$$libshutdown$$00000007)
    __rt_lib_shutdown_heap_1                 0x08000323   Thumb Code     0  libshutdown2.o(.ARM.Collect$$libshutdown$$0000000F)
    __rt_lib_shutdown_return                 0x08000323   Thumb Code     0  libshutdown2.o(.ARM.Collect$$libshutdown$$00000010)
    __rt_lib_shutdown_signal_1               0x08000323   Thumb Code     0  libshutdown2.o(.ARM.Collect$$libshutdown$$0000000A)
    __rt_lib_shutdown_stdio_1                0x08000323   Thumb Code     0  libshutdown2.o(.ARM.Collect$$libshutdown$$00000004)
    __rt_lib_shutdown_user_alloc_1           0x08000323   Thumb Code     0  libshutdown2.o(.ARM.Collect$$libshutdown$$0000000C)
    __rt_entry                               0x08000325   Thumb Code     0  __rtentry.o(.ARM.Collect$$rtentry$$00000000)
    __rt_entry_presh_1                       0x08000325   Thumb Code     0  __rtentry2.o(.ARM.Collect$$rtentry$$00000002)
    __rt_entry_sh                            0x08000325   Thumb Code     0  __rtentry7.o(.ARM.Collect$$rtentry$$00000007)
    __rt_entry_li                            0x08000329   Thumb Code     0  __rtentry2.o(.ARM.Collect$$rtentry$$0000000A)
    __rt_entry_postsh_1                      0x08000329   Thumb Code     0  __rtentry2.o(.ARM.Collect$$rtentry$$00000009)
    __rt_entry_main                          0x0800032d   Thumb Code     0  __rtentry2.o(.ARM.Collect$$rtentry$$0000000D)
    __rt_entry_postli_1                      0x0800032d   Thumb Code     0  __rtentry2.o(.ARM.Collect$$rtentry$$0000000C)
    __rt_exit                                0x08000339   Thumb Code     0  rtexit.o(.ARM.Collect$$rtexit$$00000000)
    __rt_exit_ls                             0x0800033b   Thumb Code     0  rtexit2.o(.ARM.Collect$$rtexit$$00000003)
    __rt_exit_prels_1                        0x0800033b   Thumb Code     0  rtexit2.o(.ARM.Collect$$rtexit$$00000002)
    __rt_exit_exit                           0x0800033f   Thumb Code     0  rtexit2.o(.ARM.Collect$$rtexit$$00000004)
    realloc                                  0x08000345   Thumb Code   196  h1_realloc.o(.text)
    __aeabi_ldivmod                          0x08000409   Thumb Code     0  llsdiv.o(.text)
    _ll_sdiv                                 0x08000409   Thumb Code   116  llsdiv.o(.text)
    __2sprintf                               0x0800047d   Thumb Code    38  __2sprintf.o(.text)
    _printf_pre_padding                      0x080004a9   Thumb Code    44  _printf_pad.o(.text)
    _printf_post_padding                     0x080004d5   Thumb Code    34  _printf_pad.o(.text)
    _printf_int_dec                          0x080004f9   Thumb Code   104  _printf_dec.o(.text)
    _printf_int_hex                          0x08000571   Thumb Code    84  _printf_hex_int.o(.text)
    _printf_longlong_hex                     0x08000571   Thumb Code     0  _printf_hex_int.o(.text)
    __printf                                 0x080005c9   Thumb Code   270  __printf_wp.o(.text)
    strtoul                                  0x080006d7   Thumb Code   114  strtoul.o(.text)
    __aeabi_memcpy4                          0x08000749   Thumb Code     0  rt_memcpy_w.o(.text)
    __aeabi_memcpy8                          0x08000749   Thumb Code     0  rt_memcpy_w.o(.text)
    __rt_memcpy_w                            0x08000749   Thumb Code   100  rt_memcpy_w.o(.text)
    _memcpy_lastbytes_aligned                0x08000791   Thumb Code     0  rt_memcpy_w.o(.text)
    __rt_ctype_table                         0x080007ad   Thumb Code    16  rt_ctype_table.o(.text)
    __rt_heap_descriptor                     0x080007bd   Thumb Code     8  rt_heap_descriptor_intlibspace.o(.text)
    __aeabi_errno_addr                       0x080007c5   Thumb Code     8  rt_errno_addr_intlibspace.o(.text)
    __errno$intlibspace                      0x080007c5   Thumb Code     0  rt_errno_addr_intlibspace.o(.text)
    __rt_errno_addr$intlibspace              0x080007c5   Thumb Code     0  rt_errno_addr_intlibspace.o(.text)
    __use_no_heap                            0x080007cd   Thumb Code     2  hguard.o(.text)
    __heap$guard                             0x080007cf   Thumb Code     2  hguard.o(.text)
    _terminate_user_alloc                    0x080007d1   Thumb Code     2  init_alloc.o(.text)
    _init_user_alloc                         0x080007d3   Thumb Code     2  init_alloc.o(.text)
    __Heap_Full                              0x080007d5   Thumb Code    34  init_alloc.o(.text)
    __Heap_Broken                            0x080007f7   Thumb Code     6  init_alloc.o(.text)
    _init_alloc                              0x080007fd   Thumb Code    94  init_alloc.o(.text)
    malloc                                   0x0800085b   Thumb Code    94  h1_alloc.o(.text)
    free                                     0x080008b9   Thumb Code    78  h1_free.o(.text)
    __aeabi_uldivmod                         0x08000907   Thumb Code     0  lludivv7m.o(.text)
    _ll_udiv                                 0x08000907   Thumb Code   240  lludivv7m.o(.text)
    _printf_int_common                       0x080009f7   Thumb Code   178  _printf_intcommon.o(.text)
    _printf_fp_dec_real                      0x08000c59   Thumb Code   620  _printf_fp_dec.o(.text)
    _printf_char_common                      0x08000ecf   Thumb Code    32  _printf_char_common.o(.text)
    _sputc                                   0x08000ef5   Thumb Code    10  _sputc.o(.text)
    _strtoul                                 0x08000eff   Thumb Code   158  _strtoul.o(.text)
    __strtod_int                             0x08000fe1   Thumb Code    94  strtod.o(.text)
    __rt_locale                              0x0800104d   Thumb Code     8  rt_locale_intlibspace.o(.text)
    __Heap_Initialize                        0x08001055   Thumb Code     8  h1_init.o(.text)
    _maybe_terminate_alloc                   0x08001055   Thumb Code     0  maybetermalloc1.o(.text)
    __Heap_DescSize                          0x0800105d   Thumb Code     4  h1_init.o(.text)
    __Heap_ProvideMemory                     0x08001061   Thumb Code    52  h1_extend.o(.text)
    _ll_udiv10                               0x08001095   Thumb Code   138  lludiv10.o(.text)
    isspace                                  0x0800111f   Thumb Code    18  isspace.o(.text)
    _printf_fp_infnan                        0x08001131   Thumb Code   112  _printf_fp_infnan.o(.text)
    _chval                                   0x080011b1   Thumb Code    28  _chval.o(.text)
    _sgetc                                   0x080011cd   Thumb Code    30  _sgetc.o(.text)
    _sbackspace                              0x080011eb   Thumb Code    34  _sgetc.o(.text)
    _btod_etento                             0x0800120d   Thumb Code   224  bigflt0.o(.text)
    __rt_SIGRTMEM                            0x080012f1   Thumb Code    14  defsig_rtmem_outer.o(.text)
    _scanf_really_real                       0x0800154d   Thumb Code   684  scanf_fp.o(.text)
    exit                                     0x080017f9   Thumb Code    18  exit.o(.text)
    __sig_exit                               0x0800180b   Thumb Code    10  defsig_exit.o(.text)
    __rt_SIGRTMEM_inner                      0x08001815   Thumb Code    22  defsig_rtmem_inner.o(.text)
    strcmp                                   0x08001869   Thumb Code   124  strcmpv8m_maindsp.o(.text)
    _sys_exit                                0x080018e5   Thumb Code     8  sys_exit.o(.text)
    __I$use$semihosting                      0x080018f1   Thumb Code     0  use_no_semi.o(.text)
    __use_no_semihosting_swi                 0x080018f1   Thumb Code     2  use_no_semi.o(.text)
    __aeabi_llsl                             0x080018f3   Thumb Code     0  llshl.o(.text)
    __semihosting_library_function           0x080018f3   Thumb Code     0  indicate_semi.o(.text)
    _ll_shift_l                              0x080018f3   Thumb Code    38  llshl.o(.text)
    __default_signal_display                 0x08001919   Thumb Code    50  defsig_general.o(.text)
    _ttywrch                                 0x0800194b   Thumb Code    14  sys_wrch.o(.text)
    __read_errno                             0x08001959   Thumb Code    10  _rserrno.o(.text)
    __set_errno                              0x08001963   Thumb Code    12  _rserrno.o(.text)
    _scanf_really_hex_real                   0x08001971   Thumb Code   786  scanf_hexfp.o(.text)
    _scanf_really_infnan                     0x08001c91   Thumb Code   292  scanf_infnan.o(.text)
    AD403X_EnterRegAccess                    0x08001dc5   Thumb Code    98  ad403x.o(.text.AD403X_EnterRegAccess)
    AD403X_ExitRegAccess                     0x08001e29   Thumb Code    82  ad403x.o(.text.AD403X_ExitRegAccess)
    AD403X_ReadRegisterSingle                0x08001e7d   Thumb Code   194  ad403x.o(.text.AD403X_ReadRegisterSingle)
    AD403X_Reset                             0x08001f41   Thumb Code    36  ad403x.o(.text.AD403X_Reset)
    AD403X_WriteRegister                     0x08001f65   Thumb Code    46  ad403x.o(.text.AD403X_WriteRegister)
    AD5686_SetDefaultOutputs                 0x08001f95   Thumb Code   104  ad5686.o(.text.AD5686_SetDefaultOutputs)
    AD5686_WriteDACDMA                       0x08001ffd   Thumb Code    54  ad5686.o(.text.AD5686_WriteDACDMA)
    ADCInit                                  0x08002035   Thumb Code    72  adc.o(.text.ADCInit)
    DACInit                                  0x0800207d   Thumb Code    42  dac.o(.text.DACInit)
    DMA_CH1_Config                           0x080020a9   Thumb Code    16  dma.o(.text.DMA_CH1_Config)
    DMA_CH1_Enable                           0x080020b9   Thumb Code    16  dma.o(.text.DMA_CH1_Enable)
    DMA_CH1_Init                             0x080020c9   Thumb Code    42  dma.o(.text.DMA_CH1_Init)
    DMA_CH2_Config                           0x080020f5   Thumb Code    16  dma.o(.text.DMA_CH2_Config)
    DMA_CH2_Enable                           0x08002105   Thumb Code    18  dma.o(.text.DMA_CH2_Enable)
    DMA_CH2_Init                             0x08002119   Thumb Code    44  dma.o(.text.DMA_CH2_Init)
    DMA_CH3_Enable                           0x08002145   Thumb Code    18  dma.o(.text.DMA_CH3_Enable)
    DMA_CH4_Config                           0x08002159   Thumb Code    16  dma.o(.text.DMA_CH4_Config)
    DMA_CH4_Enable                           0x08002169   Thumb Code    18  dma.o(.text.DMA_CH4_Enable)
    DMA_CH4_Init                             0x0800217d   Thumb Code    48  dma.o(.text.DMA_CH4_Init)
    ADC1_IRQHandler                          0x080021ad   Thumb Code     4  startup_stm32u575xx.o(.text.Default_Handler)
    ADC4_IRQHandler                          0x080021ad   Thumb Code     4  startup_stm32u575xx.o(.text.Default_Handler)
    ADF1_IRQHandler                          0x080021ad   Thumb Code     4  startup_stm32u575xx.o(.text.Default_Handler)
    BusFault_Handler                         0x080021ad   Thumb Code     4  startup_stm32u575xx.o(.text.Default_Handler)
    COMP_IRQHandler                          0x080021ad   Thumb Code     4  startup_stm32u575xx.o(.text.Default_Handler)
    CORDIC_IRQHandler                        0x080021ad   Thumb Code     4  startup_stm32u575xx.o(.text.Default_Handler)
    CRS_IRQHandler                           0x080021ad   Thumb Code     4  startup_stm32u575xx.o(.text.Default_Handler)
    DAC1_IRQHandler                          0x080021ad   Thumb Code     4  startup_stm32u575xx.o(.text.Default_Handler)
    DCACHE1_IRQHandler                       0x080021ad   Thumb Code     4  startup_stm32u575xx.o(.text.Default_Handler)
    DCMI_PSSI_IRQHandler                     0x080021ad   Thumb Code     4  startup_stm32u575xx.o(.text.Default_Handler)
    DMA2D_IRQHandler                         0x080021ad   Thumb Code     4  startup_stm32u575xx.o(.text.Default_Handler)
    DebugMon_Handler                         0x080021ad   Thumb Code     4  startup_stm32u575xx.o(.text.Default_Handler)
    Default_Handler                          0x080021ad   Thumb Code     4  startup_stm32u575xx.o(.text.Default_Handler)
    EXTI10_IRQHandler                        0x080021ad   Thumb Code     4  startup_stm32u575xx.o(.text.Default_Handler)
    EXTI11_IRQHandler                        0x080021ad   Thumb Code     4  startup_stm32u575xx.o(.text.Default_Handler)
    EXTI12_IRQHandler                        0x080021ad   Thumb Code     4  startup_stm32u575xx.o(.text.Default_Handler)
    EXTI13_IRQHandler                        0x080021ad   Thumb Code     4  startup_stm32u575xx.o(.text.Default_Handler)
    EXTI14_IRQHandler                        0x080021ad   Thumb Code     4  startup_stm32u575xx.o(.text.Default_Handler)
    EXTI15_IRQHandler                        0x080021ad   Thumb Code     4  startup_stm32u575xx.o(.text.Default_Handler)
    EXTI1_IRQHandler                         0x080021ad   Thumb Code     4  startup_stm32u575xx.o(.text.Default_Handler)
    EXTI2_IRQHandler                         0x080021ad   Thumb Code     4  startup_stm32u575xx.o(.text.Default_Handler)
    EXTI3_IRQHandler                         0x080021ad   Thumb Code     4  startup_stm32u575xx.o(.text.Default_Handler)
    EXTI4_IRQHandler                         0x080021ad   Thumb Code     4  startup_stm32u575xx.o(.text.Default_Handler)
    EXTI5_IRQHandler                         0x080021ad   Thumb Code     4  startup_stm32u575xx.o(.text.Default_Handler)
    EXTI6_IRQHandler                         0x080021ad   Thumb Code     4  startup_stm32u575xx.o(.text.Default_Handler)
    EXTI7_IRQHandler                         0x080021ad   Thumb Code     4  startup_stm32u575xx.o(.text.Default_Handler)
    EXTI8_IRQHandler                         0x080021ad   Thumb Code     4  startup_stm32u575xx.o(.text.Default_Handler)
    EXTI9_IRQHandler                         0x080021ad   Thumb Code     4  startup_stm32u575xx.o(.text.Default_Handler)
    FDCAN1_IT0_IRQHandler                    0x080021ad   Thumb Code     4  startup_stm32u575xx.o(.text.Default_Handler)
    FDCAN1_IT1_IRQHandler                    0x080021ad   Thumb Code     4  startup_stm32u575xx.o(.text.Default_Handler)
    FLASH_IRQHandler                         0x080021ad   Thumb Code     4  startup_stm32u575xx.o(.text.Default_Handler)
    FLASH_S_IRQHandler                       0x080021ad   Thumb Code     4  startup_stm32u575xx.o(.text.Default_Handler)
    FMAC_IRQHandler                          0x080021ad   Thumb Code     4  startup_stm32u575xx.o(.text.Default_Handler)
    FMC_IRQHandler                           0x080021ad   Thumb Code     4  startup_stm32u575xx.o(.text.Default_Handler)
    FPU_IRQHandler                           0x080021ad   Thumb Code     4  startup_stm32u575xx.o(.text.Default_Handler)
    GPDMA1_Channel10_IRQHandler              0x080021ad   Thumb Code     4  startup_stm32u575xx.o(.text.Default_Handler)
    GPDMA1_Channel11_IRQHandler              0x080021ad   Thumb Code     4  startup_stm32u575xx.o(.text.Default_Handler)
    GPDMA1_Channel12_IRQHandler              0x080021ad   Thumb Code     4  startup_stm32u575xx.o(.text.Default_Handler)
    GPDMA1_Channel13_IRQHandler              0x080021ad   Thumb Code     4  startup_stm32u575xx.o(.text.Default_Handler)
    GPDMA1_Channel14_IRQHandler              0x080021ad   Thumb Code     4  startup_stm32u575xx.o(.text.Default_Handler)
    GPDMA1_Channel15_IRQHandler              0x080021ad   Thumb Code     4  startup_stm32u575xx.o(.text.Default_Handler)
    GPDMA1_Channel4_IRQHandler               0x080021ad   Thumb Code     4  startup_stm32u575xx.o(.text.Default_Handler)
    GPDMA1_Channel5_IRQHandler               0x080021ad   Thumb Code     4  startup_stm32u575xx.o(.text.Default_Handler)
    GPDMA1_Channel6_IRQHandler               0x080021ad   Thumb Code     4  startup_stm32u575xx.o(.text.Default_Handler)
    GPDMA1_Channel7_IRQHandler               0x080021ad   Thumb Code     4  startup_stm32u575xx.o(.text.Default_Handler)
    GPDMA1_Channel8_IRQHandler               0x080021ad   Thumb Code     4  startup_stm32u575xx.o(.text.Default_Handler)
    GPDMA1_Channel9_IRQHandler               0x080021ad   Thumb Code     4  startup_stm32u575xx.o(.text.Default_Handler)
    GTZC_IRQHandler                          0x080021ad   Thumb Code     4  startup_stm32u575xx.o(.text.Default_Handler)
    HASH_IRQHandler                          0x080021ad   Thumb Code     4  startup_stm32u575xx.o(.text.Default_Handler)
    I2C1_ER_IRQHandler                       0x080021ad   Thumb Code     4  startup_stm32u575xx.o(.text.Default_Handler)
    I2C1_EV_IRQHandler                       0x080021ad   Thumb Code     4  startup_stm32u575xx.o(.text.Default_Handler)
    I2C2_ER_IRQHandler                       0x080021ad   Thumb Code     4  startup_stm32u575xx.o(.text.Default_Handler)
    I2C2_EV_IRQHandler                       0x080021ad   Thumb Code     4  startup_stm32u575xx.o(.text.Default_Handler)
    I2C3_ER_IRQHandler                       0x080021ad   Thumb Code     4  startup_stm32u575xx.o(.text.Default_Handler)
    I2C3_EV_IRQHandler                       0x080021ad   Thumb Code     4  startup_stm32u575xx.o(.text.Default_Handler)
    I2C4_ER_IRQHandler                       0x080021ad   Thumb Code     4  startup_stm32u575xx.o(.text.Default_Handler)
    I2C4_EV_IRQHandler                       0x080021ad   Thumb Code     4  startup_stm32u575xx.o(.text.Default_Handler)
    ICACHE_IRQHandler                        0x080021ad   Thumb Code     4  startup_stm32u575xx.o(.text.Default_Handler)
    IWDG_IRQHandler                          0x080021ad   Thumb Code     4  startup_stm32u575xx.o(.text.Default_Handler)
    LPDMA1_Channel0_IRQHandler               0x080021ad   Thumb Code     4  startup_stm32u575xx.o(.text.Default_Handler)
    LPDMA1_Channel1_IRQHandler               0x080021ad   Thumb Code     4  startup_stm32u575xx.o(.text.Default_Handler)
    LPDMA1_Channel2_IRQHandler               0x080021ad   Thumb Code     4  startup_stm32u575xx.o(.text.Default_Handler)
    LPDMA1_Channel3_IRQHandler               0x080021ad   Thumb Code     4  startup_stm32u575xx.o(.text.Default_Handler)
    LPTIM2_IRQHandler                        0x080021ad   Thumb Code     4  startup_stm32u575xx.o(.text.Default_Handler)
    LPTIM3_IRQHandler                        0x080021ad   Thumb Code     4  startup_stm32u575xx.o(.text.Default_Handler)
    LPTIM4_IRQHandler                        0x080021ad   Thumb Code     4  startup_stm32u575xx.o(.text.Default_Handler)
    LPUART1_IRQHandler                       0x080021ad   Thumb Code     4  startup_stm32u575xx.o(.text.Default_Handler)
    MDF1_FLT0_IRQHandler                     0x080021ad   Thumb Code     4  startup_stm32u575xx.o(.text.Default_Handler)
    MDF1_FLT1_IRQHandler                     0x080021ad   Thumb Code     4  startup_stm32u575xx.o(.text.Default_Handler)
    MDF1_FLT2_IRQHandler                     0x080021ad   Thumb Code     4  startup_stm32u575xx.o(.text.Default_Handler)
    MDF1_FLT3_IRQHandler                     0x080021ad   Thumb Code     4  startup_stm32u575xx.o(.text.Default_Handler)
    MDF1_FLT4_IRQHandler                     0x080021ad   Thumb Code     4  startup_stm32u575xx.o(.text.Default_Handler)
    MDF1_FLT5_IRQHandler                     0x080021ad   Thumb Code     4  startup_stm32u575xx.o(.text.Default_Handler)
    MemManage_Handler                        0x080021ad   Thumb Code     4  startup_stm32u575xx.o(.text.Default_Handler)
    NMI_Handler                              0x080021ad   Thumb Code     4  startup_stm32u575xx.o(.text.Default_Handler)
    OCTOSPI1_IRQHandler                      0x080021ad   Thumb Code     4  startup_stm32u575xx.o(.text.Default_Handler)
    OCTOSPI2_IRQHandler                      0x080021ad   Thumb Code     4  startup_stm32u575xx.o(.text.Default_Handler)
    OTG_FS_IRQHandler                        0x080021ad   Thumb Code     4  startup_stm32u575xx.o(.text.Default_Handler)
    PVD_PVM_IRQHandler                       0x080021ad   Thumb Code     4  startup_stm32u575xx.o(.text.Default_Handler)
    PWR_S3WU_IRQHandler                      0x080021ad   Thumb Code     4  startup_stm32u575xx.o(.text.Default_Handler)
    PendSV_Handler                           0x080021ad   Thumb Code     4  startup_stm32u575xx.o(.text.Default_Handler)
    RAMCFG_IRQHandler                        0x080021ad   Thumb Code     4  startup_stm32u575xx.o(.text.Default_Handler)
    RCC_IRQHandler                           0x080021ad   Thumb Code     4  startup_stm32u575xx.o(.text.Default_Handler)
    RCC_S_IRQHandler                         0x080021ad   Thumb Code     4  startup_stm32u575xx.o(.text.Default_Handler)
    RNG_IRQHandler                           0x080021ad   Thumb Code     4  startup_stm32u575xx.o(.text.Default_Handler)
    RTC_IRQHandler                           0x080021ad   Thumb Code     4  startup_stm32u575xx.o(.text.Default_Handler)
    RTC_S_IRQHandler                         0x080021ad   Thumb Code     4  startup_stm32u575xx.o(.text.Default_Handler)
    SAI1_IRQHandler                          0x080021ad   Thumb Code     4  startup_stm32u575xx.o(.text.Default_Handler)
    SAI2_IRQHandler                          0x080021ad   Thumb Code     4  startup_stm32u575xx.o(.text.Default_Handler)
    SDMMC1_IRQHandler                        0x080021ad   Thumb Code     4  startup_stm32u575xx.o(.text.Default_Handler)
    SDMMC2_IRQHandler                        0x080021ad   Thumb Code     4  startup_stm32u575xx.o(.text.Default_Handler)
    SPI1_IRQHandler                          0x080021ad   Thumb Code     4  startup_stm32u575xx.o(.text.Default_Handler)
    SPI3_IRQHandler                          0x080021ad   Thumb Code     4  startup_stm32u575xx.o(.text.Default_Handler)
    SVC_Handler                              0x080021ad   Thumb Code     4  startup_stm32u575xx.o(.text.Default_Handler)
    SecureFault_Handler                      0x080021ad   Thumb Code     4  startup_stm32u575xx.o(.text.Default_Handler)
    SysTick_Handler                          0x080021ad   Thumb Code     4  startup_stm32u575xx.o(.text.Default_Handler)
    TAMP_IRQHandler                          0x080021ad   Thumb Code     4  startup_stm32u575xx.o(.text.Default_Handler)
    TIM15_IRQHandler                         0x080021ad   Thumb Code     4  startup_stm32u575xx.o(.text.Default_Handler)
    TIM16_IRQHandler                         0x080021ad   Thumb Code     4  startup_stm32u575xx.o(.text.Default_Handler)
    TIM17_IRQHandler                         0x080021ad   Thumb Code     4  startup_stm32u575xx.o(.text.Default_Handler)
    TIM1_BRK_IRQHandler                      0x080021ad   Thumb Code     4  startup_stm32u575xx.o(.text.Default_Handler)
    TIM1_CC_IRQHandler                       0x080021ad   Thumb Code     4  startup_stm32u575xx.o(.text.Default_Handler)
    TIM1_TRG_COM_IRQHandler                  0x080021ad   Thumb Code     4  startup_stm32u575xx.o(.text.Default_Handler)
    TIM1_UP_IRQHandler                       0x080021ad   Thumb Code     4  startup_stm32u575xx.o(.text.Default_Handler)
    TIM2_IRQHandler                          0x080021ad   Thumb Code     4  startup_stm32u575xx.o(.text.Default_Handler)
    TIM4_IRQHandler                          0x080021ad   Thumb Code     4  startup_stm32u575xx.o(.text.Default_Handler)
    TIM5_IRQHandler                          0x080021ad   Thumb Code     4  startup_stm32u575xx.o(.text.Default_Handler)
    TIM6_IRQHandler                          0x080021ad   Thumb Code     4  startup_stm32u575xx.o(.text.Default_Handler)
    TIM8_BRK_IRQHandler                      0x080021ad   Thumb Code     4  startup_stm32u575xx.o(.text.Default_Handler)
    TIM8_CC_IRQHandler                       0x080021ad   Thumb Code     4  startup_stm32u575xx.o(.text.Default_Handler)
    TIM8_TRG_COM_IRQHandler                  0x080021ad   Thumb Code     4  startup_stm32u575xx.o(.text.Default_Handler)
    TIM8_UP_IRQHandler                       0x080021ad   Thumb Code     4  startup_stm32u575xx.o(.text.Default_Handler)
    TSC_IRQHandler                           0x080021ad   Thumb Code     4  startup_stm32u575xx.o(.text.Default_Handler)
    UART5_IRQHandler                         0x080021ad   Thumb Code     4  startup_stm32u575xx.o(.text.Default_Handler)
    UCPD1_IRQHandler                         0x080021ad   Thumb Code     4  startup_stm32u575xx.o(.text.Default_Handler)
    USART1_IRQHandler                        0x080021ad   Thumb Code     4  startup_stm32u575xx.o(.text.Default_Handler)
    USART2_IRQHandler                        0x080021ad   Thumb Code     4  startup_stm32u575xx.o(.text.Default_Handler)
    USART3_IRQHandler                        0x080021ad   Thumb Code     4  startup_stm32u575xx.o(.text.Default_Handler)
    UsageFault_Handler                       0x080021ad   Thumb Code     4  startup_stm32u575xx.o(.text.Default_Handler)
    WWDG_IRQHandler                          0x080021ad   Thumb Code     4  startup_stm32u575xx.o(.text.Default_Handler)
    EXTI0_IRQHandler                         0x080021b1   Thumb Code   132  main.o(.text.EXTI0_IRQHandler)
    GPDMA1_Channel0_IRQHandler               0x08002235   Thumb Code   336  main.o(.text.GPDMA1_Channel0_IRQHandler)
    GPDMA1_Channel1_IRQHandler               0x08002385   Thumb Code    46  main.o(.text.GPDMA1_Channel1_IRQHandler)
    GPDMA1_Channel2_IRQHandler               0x080023b5   Thumb Code    68  main.o(.text.GPDMA1_Channel2_IRQHandler)
    GPDMA1_Channel3_IRQHandler               0x080023f9   Thumb Code    40  main.o(.text.GPDMA1_Channel3_IRQHandler)
    GPIOcdsclocks                            0x08002421   Thumb Code    56  acq.o(.text.GPIOcdsclocks)
    GPIOmodclocks                            0x08002459   Thumb Code    88  acq.o(.text.GPIOmodclocks)
    HardFault_Handler                        0x080024b1   Thumb Code     4  startup_stm32u575xx.o(.text.HardFault_Handler)
    I2C1Enable                               0x080024b5   Thumb Code    18  i2c.o(.text.I2C1Enable)
    I2C1Init                                 0x080024c9   Thumb Code    86  i2c.o(.text.I2C1Init)
    I2C1SendData                             0x08002521   Thumb Code   412  i2c.o(.text.I2C1SendData)
    LPTIM1Enable                             0x080026bd   Thumb Code    18  tim.o(.text.LPTIM1Enable)
    LPTIM1Init                               0x080026d1   Thumb Code    36  tim.o(.text.LPTIM1Init)
    LPTIM1Start                              0x080026f5   Thumb Code    18  tim.o(.text.LPTIM1Start)
    LPTIM1Stop                               0x08002709   Thumb Code    86  tim.o(.text.LPTIM1Stop)
    LPTIM1_IRQHandler                        0x08002761   Thumb Code    50  main.o(.text.LPTIM1_IRQHandler)
    Reset_Handler                            0x08002795   Thumb Code    50  startup_stm32u575xx.o(.text.Reset_Handler)
    SPI1TransmitOne                          0x080027c9   Thumb Code   130  spi.o(.text.SPI1TransmitOne)
    SPI2DMAEnable                            0x0800284d   Thumb Code    40  spi.o(.text.SPI2DMAEnable)
    SPI2Enable                               0x08002875   Thumb Code    18  spi.o(.text.SPI2Enable)
    SPI2EnableEOTInt                         0x08002889   Thumb Code    38  spi.o(.text.SPI2EnableEOTInt)
    SPI2TransmitOne                          0x080028b1   Thumb Code    52  spi.o(.text.SPI2TransmitOne)
    SPI2_IRQHandler                          0x080028e5   Thumb Code    30  main.o(.text.SPI2_IRQHandler)
    SPIInit                                  0x08002905   Thumb Code   322  spi.o(.text.SPIInit)
    SystemInit                               0x08002a49   Thumb Code   118  system_stm32u5xx.o(.text.SystemInit)
    TIM15Config                              0x08002ac1   Thumb Code    14  tim.o(.text.TIM15Config)
    TIM15Disable                             0x08002ad1   Thumb Code    18  tim.o(.text.TIM15Disable)
    TIM15Enable                              0x08002ae5   Thumb Code    18  tim.o(.text.TIM15Enable)
    TIM15GetCNT                              0x08002af9   Thumb Code    14  tim.o(.text.TIM15GetCNT)
    TIM15Init                                0x08002b09   Thumb Code    30  tim.o(.text.TIM15Init)
    TIM2Disable                              0x08002b29   Thumb Code    14  tim.o(.text.TIM2Disable)
    TIM2Enable                               0x08002b39   Thumb Code    30  tim.o(.text.TIM2Enable)
    TIM2Init                                 0x08002b59   Thumb Code   140  tim.o(.text.TIM2Init)
    TIM3Disable                              0x08002be5   Thumb Code    18  tim.o(.text.TIM3Disable)
    TIM3Init                                 0x08002bf9   Thumb Code   158  tim.o(.text.TIM3Init)
    TIM3_IRQHandler                          0x08002c99   Thumb Code   170  main.o(.text.TIM3_IRQHandler)
    TIM4Disable                              0x08002d45   Thumb Code    18  tim.o(.text.TIM4Disable)
    TIM4Init                                 0x08002d59   Thumb Code    98  tim.o(.text.TIM4Init)
    TIM5Disable                              0x08002dbd   Thumb Code    18  tim.o(.text.TIM5Disable)
    TIM5Init                                 0x08002dd1   Thumb Code    48  tim.o(.text.TIM5Init)
    TIM6Init                                 0x08002e01   Thumb Code    30  tim.o(.text.TIM6Init)
    TIM7Init                                 0x08002e21   Thumb Code    44  tim.o(.text.TIM7Init)
    TIM7_IRQHandler                          0x08002e4d   Thumb Code    78  main.o(.text.TIM7_IRQHandler)
    TIM8Disable                              0x08002e9d   Thumb Code    18  tim.o(.text.TIM8Disable)
    TIM8Init                                 0x08002eb1   Thumb Code    82  tim.o(.text.TIM8Init)
    TIMmodclocks                             0x08002f05   Thumb Code   130  acq.o(.text.TIMmodclocks)
    TMP117Init                               0x08002f89   Thumb Code    88  tmp117.o(.text.TMP117Init)
    TMP117UpdateTemps                        0x08002fe1   Thumb Code    84  tmp117.o(.text.TMP117UpdateTemps)
    TMP117getTemp                            0x08003039   Thumb Code   292  tmp117.o(.text.TMP117getTemp)
    UART4DisableDMATx                        0x08003161   Thumb Code    18  uart.o(.text.UART4DisableDMATx)
    UART4EnableDMATx                         0x08003175   Thumb Code    18  uart.o(.text.UART4EnableDMATx)
    UART4Init                                0x08003189   Thumb Code   168  uart.o(.text.UART4Init)
    UART4_IRQHandler                         0x08003231   Thumb Code   102  main.o(.text.UART4_IRQHandler)
    delay_us                                 0x08003299   Thumb Code    58  tim.o(.text.delay_us)
    getGpioPhase                             0x080032d5   Thumb Code     4  acq.o(.text.getGpioPhase)
    gpioCDSCmd                               0x080032d9   Thumb Code    38  serial_io.o(.text.gpioCDSCmd)
    gpioInit                                 0x08003301   Thumb Code  1180  gpio.o(.text.gpioInit)
    gpioInitPin                              0x0800379d   Thumb Code   430  gpio.o(.text.gpioInitPin)
    gpioResetPin                             0x0800394d   Thumb Code    82  gpio.o(.text.gpioResetPin)
    gpioSetAF                                0x080039a1   Thumb Code   114  gpio.o(.text.gpioSetAF)
    gpioSetPin                               0x08003a15   Thumb Code    76  gpio.o(.text.gpioSetPin)
    main                                     0x08003a61   Thumb Code   604  main.o(.text.main)
    makeNCSgpio                              0x08003cbd   Thumb Code    46  ospi.o(.text.makeNCSgpio)
    parseInput                               0x08003ced   Thumb Code  1208  serial_io.o(.text.parseInput)
    pauseAcquisition                         0x080041bd   Thumb Code   446  acq.o(.text.pauseAcquisition)
    pauseAcquisitionDiagnostic               0x0800437d   Thumb Code   344  acq.o(.text.pauseAcquisitionDiagnostic)
    processDataBlock                         0x080044d9   Thumb Code   472  main.o(.text.processDataBlock)
    processDataCycle                         0x080046e9   Thumb Code   696  main.o(.text.processDataCycle)
    relaySetState                            0x080049a9   Thumb Code   176  acq.o(.text.relaySetState)
    sendData                                 0x08004a59   Thumb Code    32  uart.o(.text.sendData)
    sendDataBlocking                         0x08004a79   Thumb Code   296  uart.o(.text.sendDataBlocking)
    sendParameterString                      0x08004ba1   Thumb Code   456  serial_io.o(.text.sendParameterString)
    sendRegValue                             0x08004df9   Thumb Code    44  serial_io.o(.text.sendRegValue)
    setAcquisitionDefaults                   0x08004e3d   Thumb Code    72  acq.o(.text.setAcquisitionDefaults)
    setGain                                  0x08004e89   Thumb Code   192  acq.o(.text.setGain)
    setcdsphase                              0x08004f59   Thumb Code   108  acq.o(.text.setcdsphase)
    setmodphase                              0x08004fc5   Thumb Code   118  acq.o(.text.setmodphase)
    setupAcquisition                         0x0800503d   Thumb Code   246  acq.o(.text.setupAcquisition)
    startAcquisition                         0x08005135   Thumb Code   138  acq.o(.text.startAcquisition)
    sysConfig                                0x080051c1   Thumb Code   558  sys_cfg.o(.text.sysConfig)
    timerConfig                              0x080053f1   Thumb Code   332  acq.o(.text.timerConfig)
    _btod_d2e                                0x08005545   Thumb Code    62  btod.o(CL$$btod_d2e)
    _d2e_denorm_low                          0x08005583   Thumb Code    70  btod.o(CL$$btod_d2e_denorm_low)
    _d2e_norm_op1                            0x080055c9   Thumb Code    96  btod.o(CL$$btod_d2e_norm_op1)
    __btod_div_common                        0x08005629   Thumb Code   696  btod.o(CL$$btod_div_common)
    _e2d                                     0x08005961   Thumb Code   122  btod.o(CL$$btod_e2d)
    _e2e                                     0x080059e5   Thumb Code   220  btod.o(CL$$btod_e2e)
    _btod_ediv                               0x08005ac1   Thumb Code    42  btod.o(CL$$btod_ediv)
    _btod_edivd                              0x08005aeb   Thumb Code    42  btod.o(CL$$btod_edivd)
    _btod_emul                               0x08005b15   Thumb Code    42  btod.o(CL$$btod_emul)
    _btod_emuld                              0x08005b3f   Thumb Code    42  btod.o(CL$$btod_emuld)
    __btod_mult_common                       0x08005b69   Thumb Code   580  btod.o(CL$$btod_mult_common)
    __ARM_fpclassify                         0x08005dad   Thumb Code    48  fpclassify.o(i.__ARM_fpclassify)
    __hardfp___mathlib_tofloat               0x08005de1   Thumb Code   232  narrow.o(i.__hardfp___mathlib_tofloat)
    __hardfp_ldexp                           0x08005ed9   Thumb Code   200  ldexp.o(i.__hardfp_ldexp)
    __hardfp_strtod                          0x08005fa9   Thumb Code    32  strtod.o(i.__hardfp_strtod)
    __mathlib_dbl_overflow                   0x08005fd1   Thumb Code    24  dunder.o(i.__mathlib_dbl_overflow)
    __mathlib_dbl_underflow                  0x08005ff1   Thumb Code    24  dunder.o(i.__mathlib_dbl_underflow)
    __mathlib_narrow                         0x08006011   Thumb Code    18  narrow.o(i.__mathlib_narrow)
    __support_ldexp                          0x08006023   Thumb Code    20  ldexp.o(i.__support_ldexp)
    _is_digit                                0x08006037   Thumb Code    14  __printf_wp.o(i._is_digit)
    frexp                                    0x08006049   Thumb Code   118  frexp.o(i.frexp)
    _get_lc_ctype                            0x080060d5   Thumb Code    44  lc_ctype_c.o(locale$$code)
    _get_lc_numeric                          0x08006101   Thumb Code    44  lc_numeric_c.o(locale$$code)
    __aeabi_d2f                              0x0800612d   Thumb Code     0  d2f.o(x$fpl$d2f)
    _d2f                                     0x0800612d   Thumb Code    98  d2f.o(x$fpl$d2f)
    __aeabi_dadd                             0x08006191   Thumb Code     0  daddsub_clz.o(x$fpl$dadd)
    _dadd                                    0x08006191   Thumb Code   332  daddsub_clz.o(x$fpl$dadd)
    __fpl_dcheck_NaN1                        0x080062e1   Thumb Code    10  dcheck1.o(x$fpl$dcheck1)
    __fpl_dcmp_Inf                           0x080062f1   Thumb Code    24  dcmpi.o(x$fpl$dcmpinf)
    __aeabi_ddiv                             0x08006309   Thumb Code     0  ddiv.o(x$fpl$ddiv)
    _ddiv                                    0x08006309   Thumb Code   556  ddiv.o(x$fpl$ddiv)
    __aeabi_cdcmpeq                          0x080065bd   Thumb Code     0  deqf.o(x$fpl$deqf)
    _dcmpeq                                  0x080065bd   Thumb Code   120  deqf.o(x$fpl$deqf)
    __aeabi_i2d                              0x08006635   Thumb Code     0  dflt_clz.o(x$fpl$dflt)
    _dflt                                    0x08006635   Thumb Code    46  dflt_clz.o(x$fpl$dflt)
    __aeabi_l2d                              0x08006665   Thumb Code     0  dfltll_clz.o(x$fpl$dfltll)
    _ll_sto_d                                0x08006665   Thumb Code   162  dfltll_clz.o(x$fpl$dfltll)
    __aeabi_ui2d                             0x08006707   Thumb Code     0  dflt_clz.o(x$fpl$dfltu)
    _dfltu                                   0x08006707   Thumb Code    38  dflt_clz.o(x$fpl$dfltu)
    __aeabi_cdcmple                          0x0800672d   Thumb Code     0  dleqf.o(x$fpl$dleqf)
    _dcmple                                  0x0800672d   Thumb Code   120  dleqf.o(x$fpl$dleqf)
    __fpl_dcmple_InfNaN                      0x0800678f   Thumb Code     0  dleqf.o(x$fpl$dleqf)
    __aeabi_dmul                             0x080067a5   Thumb Code     0  dmul.o(x$fpl$dmul)
    _dmul                                    0x080067a5   Thumb Code   332  dmul.o(x$fpl$dmul)
    __fpl_dnaninf                            0x080068f9   Thumb Code   156  dnaninf.o(x$fpl$dnaninf)
    __fpl_dretinf                            0x08006995   Thumb Code    12  dretinf.o(x$fpl$dretinf)
    __aeabi_cdrcmple                         0x080069a1   Thumb Code     0  drleqf.o(x$fpl$drleqf)
    _drcmple                                 0x080069a1   Thumb Code   108  drleqf.o(x$fpl$drleqf)
    __aeabi_dsub                             0x08006a0d   Thumb Code     0  daddsub_clz.o(x$fpl$dsub)
    _dsub                                    0x08006a0d   Thumb Code   472  daddsub_clz.o(x$fpl$dsub)
    __aeabi_f2d                              0x08006be9   Thumb Code     0  f2d.o(x$fpl$f2d)
    _f2d                                     0x08006be9   Thumb Code    86  f2d.o(x$fpl$f2d)
    __fpl_fnaninf                            0x08006c3f   Thumb Code   140  fnaninf.o(x$fpl$fnaninf)
    _fp_init                                 0x08006ccb   Thumb Code    26  fpinit.o(x$fpl$fpinit)
    __fplib_config_fpu_vfp                   0x08006ce3   Thumb Code     0  fpinit.o(x$fpl$fpinit)
    __fplib_config_pureend_doubles           0x08006ce3   Thumb Code     0  fpinit.o(x$fpl$fpinit)
    __fpl_fretinf                            0x08006ce5   Thumb Code    10  fretinf.o(x$fpl$fretinf)
    __ieee_status                            0x08006cef   Thumb Code     6  istatus.o(x$fpl$ieeestatus)
    _printf_fp_dec                           0x08006cf5   Thumb Code     4  printf1.o(x$fpl$printf1)
    __fpl_return_NaN                         0x08006cf9   Thumb Code   100  retnan.o(x$fpl$retnan)
    __ARM_scalbn                             0x08006d5d   Thumb Code    92  scalbn.o(x$fpl$scalbn)
    _scanf_real                              0x08006db9   Thumb Code     4  scanf1.o(x$fpl$scanf1)
    _scanf_hex_real                          0x08006dbd   Thumb Code     4  scanf2.o(x$fpl$scanf2)
    _scanf_infnan                            0x08006dc1   Thumb Code     4  scanf2.o(x$fpl$scanf2)
    __fpl_cmpreturn                          0x08006dc5   Thumb Code    48  trapv.o(x$fpl$trapveneer)
    __I$use$fp                               0x08006df4   Number         0  usenofp.o(x$fpl$usenofp)
    Region$$Table$$Base                      0x08006fb8   Number         0  anon$$obj.o(Region$$Table)
    Region$$Table$$Limit                     0x08006fd8   Number         0  anon$$obj.o(Region$$Table)
    __aeabi_HUGE_VAL                         0x08006fd8   Data           0  fpconst.o(c$$dinf)
    __aeabi_HUGE_VALL                        0x08006fd8   Data           0  fpconst.o(c$$dinf)
    __aeabi_INFINITY                         0x08006fd8   Data           0  fpconst.o(c$$dinf)
    __dInf                                   0x08006fd8   Data           0  fpconst.o(c$$dinf)
    __huge_val                               0x08006fd8   Data           0  fpconst.o(c$$dinf)
    __dbl_max                                0x08006fe0   Data           0  fpconst.o(c$$dmax)
    __ctype                                  0x08006ff5   Data           0  lc_ctype_c.o(locale$$data)
    Vos_dac_code                             0x20000000   Data           2  main.o(.data.Vos_dac_code)
    tmp117_addr                              0x20000018   Data           3  tmp117.o(.data.tmp117_addr)
    __libspace_start                         0x20000020   Data          96  libspace.o(.bss)
    AD4032_data                              0x20000080   Data           4  main.o(.bss.AD4032_data)
    __temporary_stack_top$libspace           0x20000080   Data           0  libspace.o(.bss)
    I2C_CR2_write                            0x20000084   Data          12  tmp117.o(.bss.I2C_CR2_write)
    Vavg                                     0x20000090   Data           8  main.o(.bss.Vavg)
    Vos                                      0x20000098   Data           4  main.o(.bss.Vos)
    Vref                                     0x200000a0   Data           8  main.o(.bss.Vref)
    acq1                                     0x200000a8   Data          76  main.o(.bss.acq1)
    acq2                                     0x200000f4   Data          76  main.o(.bss.acq2)
    avg_accum                                0x20000140   Data           8  main.o(.bss.avg_accum)
    ch3_cllr0                                0x20000148   Data           4  tmp117.o(.bss.ch3_cllr0)
    cmdInd                                   0x2000014d   Data           2  main.o(.bss.cmdInd)
    flags                                    0x20000150   Data           2  main.o(.bss.flags)
    gain40                                   0x20000158   Data           8  main.o(.bss.gain40)
    gain60                                   0x20000160   Data           8  main.o(.bss.gain60)
    ind                                      0x20000168   Data           2  main.o(.bss.ind)
    offset_accum                             0x2000016c   Data           4  main.o(.bss.offset_accum)
    offset_counter                           0x20000170   Data           2  main.o(.bss.offset_counter)
    partial_avg                              0x20000178   Data          16  main.o(.bss.partial_avg)
    spi2rxbuf                                0x20000188   Data           4  main.o(.bss.spi2rxbuf)
    temps                                    0x2000018c   Data          12  tmp117.o(.bss.temps)
    tmp117_data                              0x20000198   Data           6  tmp117.o(.bss.tmp117_data)
    tmp_index                                0x2000019e   Data           1  tmp117.o(.bss.tmp_index)
    uartRxBuf                                0x2000019f   Data         128  main.o(.bss.uartRxBuf)
    uartTxBuf                                0x2000021f   Data          64  main.o(.bss.uartTxBuf)
    Image$$ARM_LIB_HEAP$$ZI$$Base            0x20000260   Number         0  anon$$obj.o ABSOLUTE
    Image$$ARM_LIB_HEAP$$ZI$$Limit           0x20000e60   Number         0  anon$$obj.o ABSOLUTE
    Image$$ARM_LIB_STACK$$ZI$$Base           0x200bfc00   Number         0  anon$$obj.o ABSOLUTE
    Image$$ARM_LIB_STACK$$ZI$$Limit          0x200c0000   Number         0  anon$$obj.o ABSOLUTE



==============================================================================

Memory Map of the image

  Image Entry point : 0x08000235

  Load Region LR_APP (Base: 0x08000000, Size: 0x00007138, Max: 0x00200000, ABSOLUTE)

    Execution Region ER_APP (Exec base: 0x08000000, Load base: 0x08000000, Size: 0x00007114, Max: 0x00200000, ABSOLUTE)

    Exec Addr    Load Addr    Size         Type   Attr      Idx    E Section Name        Object

    0x08000000   0x08000000   0x00000234   Data   RO          561    RESET               startup_stm32u575xx.o
    0x08000234   0x08000234   0x00000008   Code   RO          703  * !!!main             c_w.l(__main.o)
    0x0800023c   0x0800023c   0x0000005c   Code   RO         1155    !!!scatter          c_w.l(__scatter.o)
    0x08000298   0x08000298   0x0000001a   Code   RO         1159    !!handler_copy      c_w.l(__scatter_copy.o)
    0x080002b2   0x080002b2   0x00000002   PAD
    0x080002b4   0x080002b4   0x00000002   Code   RO         1156    !!handler_null      c_w.l(__scatter.o)
    0x080002b6   0x080002b6   0x00000002   PAD
    0x080002b8   0x080002b8   0x0000001c   Code   RO         1161    !!handler_zi        c_w.l(__scatter_zi.o)
    0x080002d4   0x080002d4   0x00000000   Code   RO          698    .ARM.Collect$$_printf_percent$$00000000  c_w.l(_printf_percent.o)
    0x080002d4   0x080002d4   0x00000006   Code   RO          697    .ARM.Collect$$_printf_percent$$00000003  c_w.l(_printf_f.o)
    0x080002da   0x080002da   0x00000006   Code   RO          696    .ARM.Collect$$_printf_percent$$00000009  c_w.l(_printf_d.o)
    0x080002e0   0x080002e0   0x00000006   Code   RO          695    .ARM.Collect$$_printf_percent$$0000000C  c_w.l(_printf_x.o)
    0x080002e6   0x080002e6   0x00000004   Code   RO          796    .ARM.Collect$$_printf_percent$$00000017  c_w.l(_printf_percent_end.o)
    0x080002ea   0x080002ea   0x00000002   Code   RO          996    .ARM.Collect$$libinit$$00000000  c_w.l(libinit.o)
    0x080002ec   0x080002ec   0x00000004   Code   RO          906    .ARM.Collect$$libinit$$00000001  c_w.l(libinit2.o)
    0x080002f0   0x080002f0   0x00000000   Code   RO          909    .ARM.Collect$$libinit$$00000004  c_w.l(libinit2.o)
    0x080002f0   0x080002f0   0x00000000   Code   RO          911    .ARM.Collect$$libinit$$00000006  c_w.l(libinit2.o)
    0x080002f0   0x080002f0   0x00000008   Code   RO         1035    .ARM.Collect$$libinit$$0000000A  c_w.l(libinit5.o)
    0x080002f8   0x080002f8   0x00000000   Code   RO          914    .ARM.Collect$$libinit$$0000000C  c_w.l(libinit2.o)
    0x080002f8   0x080002f8   0x00000000   Code   RO          916    .ARM.Collect$$libinit$$0000000E  c_w.l(libinit2.o)
    0x080002f8   0x080002f8   0x00000000   Code   RO          918    .ARM.Collect$$libinit$$00000010  c_w.l(libinit2.o)
    0x080002f8   0x080002f8   0x00000006   Code   RO          919    .ARM.Collect$$libinit$$00000011  c_w.l(libinit2.o)
    0x080002fe   0x080002fe   0x00000000   Code   RO          921    .ARM.Collect$$libinit$$00000013  c_w.l(libinit2.o)
    0x080002fe   0x080002fe   0x0000000c   Code   RO          922    .ARM.Collect$$libinit$$00000014  c_w.l(libinit2.o)
    0x0800030a   0x0800030a   0x00000000   Code   RO          923    .ARM.Collect$$libinit$$00000015  c_w.l(libinit2.o)
    0x0800030a   0x0800030a   0x00000000   Code   RO          925    .ARM.Collect$$libinit$$00000017  c_w.l(libinit2.o)
    0x0800030a   0x0800030a   0x0000000a   Code   RO          926    .ARM.Collect$$libinit$$00000018  c_w.l(libinit2.o)
    0x08000314   0x08000314   0x00000000   Code   RO          927    .ARM.Collect$$libinit$$00000019  c_w.l(libinit2.o)
    0x08000314   0x08000314   0x00000000   Code   RO          929    .ARM.Collect$$libinit$$0000001B  c_w.l(libinit2.o)
    0x08000314   0x08000314   0x00000000   Code   RO          931    .ARM.Collect$$libinit$$0000001D  c_w.l(libinit2.o)
    0x08000314   0x08000314   0x00000000   Code   RO          933    .ARM.Collect$$libinit$$0000001F  c_w.l(libinit2.o)
    0x08000314   0x08000314   0x00000000   Code   RO          935    .ARM.Collect$$libinit$$00000021  c_w.l(libinit2.o)
    0x08000314   0x08000314   0x00000000   Code   RO          937    .ARM.Collect$$libinit$$00000023  c_w.l(libinit2.o)
    0x08000314   0x08000314   0x00000000   Code   RO          939    .ARM.Collect$$libinit$$00000025  c_w.l(libinit2.o)
    0x08000314   0x08000314   0x00000000   Code   RO          941    .ARM.Collect$$libinit$$00000027  c_w.l(libinit2.o)
    0x08000314   0x08000314   0x00000000   Code   RO          945    .ARM.Collect$$libinit$$0000002E  c_w.l(libinit2.o)
    0x08000314   0x08000314   0x00000000   Code   RO          947    .ARM.Collect$$libinit$$00000030  c_w.l(libinit2.o)
    0x08000314   0x08000314   0x00000000   Code   RO          949    .ARM.Collect$$libinit$$00000032  c_w.l(libinit2.o)
    0x08000314   0x08000314   0x00000000   Code   RO          951    .ARM.Collect$$libinit$$00000034  c_w.l(libinit2.o)
    0x08000314   0x08000314   0x00000002   Code   RO          952    .ARM.Collect$$libinit$$00000035  c_w.l(libinit2.o)
    0x08000316   0x08000316   0x00000002   PAD
    0x08000318   0x08000318   0x00000008   Code   RO         1036    .ARM.Collect$$libinit$$0000271B  c_w.l(libinit5.o)
    0x08000320   0x08000320   0x00000002   Code   RO         1118    .ARM.Collect$$libshutdown$$00000000  c_w.l(libshutdown.o)
    0x08000322   0x08000322   0x00000000   Code   RO         1040    .ARM.Collect$$libshutdown$$00000002  c_w.l(libshutdown2.o)
    0x08000322   0x08000322   0x00000000   Code   RO         1042    .ARM.Collect$$libshutdown$$00000004  c_w.l(libshutdown2.o)
    0x08000322   0x08000322   0x00000000   Code   RO         1045    .ARM.Collect$$libshutdown$$00000007  c_w.l(libshutdown2.o)
    0x08000322   0x08000322   0x00000000   Code   RO         1048    .ARM.Collect$$libshutdown$$0000000A  c_w.l(libshutdown2.o)
    0x08000322   0x08000322   0x00000000   Code   RO         1050    .ARM.Collect$$libshutdown$$0000000C  c_w.l(libshutdown2.o)
    0x08000322   0x08000322   0x00000000   Code   RO         1053    .ARM.Collect$$libshutdown$$0000000F  c_w.l(libshutdown2.o)
    0x08000322   0x08000322   0x00000002   Code   RO         1054    .ARM.Collect$$libshutdown$$00000010  c_w.l(libshutdown2.o)
    0x08000324   0x08000324   0x00000000   Code   RO          741    .ARM.Collect$$rtentry$$00000000  c_w.l(__rtentry.o)
    0x08000324   0x08000324   0x00000000   Code   RO          814    .ARM.Collect$$rtentry$$00000002  c_w.l(__rtentry2.o)
    0x08000324   0x08000324   0x00000004   Code   RO          828    .ARM.Collect$$rtentry$$00000007  c_w.l(__rtentry7.o)
    0x08000328   0x08000328   0x00000000   Code   RO          816    .ARM.Collect$$rtentry$$00000009  c_w.l(__rtentry2.o)
    0x08000328   0x08000328   0x00000004   Code   RO          817    .ARM.Collect$$rtentry$$0000000A  c_w.l(__rtentry2.o)
    0x0800032c   0x0800032c   0x00000000   Code   RO          819    .ARM.Collect$$rtentry$$0000000C  c_w.l(__rtentry2.o)
    0x0800032c   0x0800032c   0x00000008   Code   RO          820    .ARM.Collect$$rtentry$$0000000D  c_w.l(__rtentry2.o)
    0x08000334   0x08000334   0x00000004   Code   RO          829    .ARM.Collect$$rtentry$$00002718  c_w.l(__rtentry7.o)
    0x08000338   0x08000338   0x00000002   Code   RO         1010    .ARM.Collect$$rtexit$$00000000  c_w.l(rtexit.o)
    0x0800033a   0x0800033a   0x00000000   Code   RO         1078    .ARM.Collect$$rtexit$$00000002  c_w.l(rtexit2.o)
    0x0800033a   0x0800033a   0x00000004   Code   RO         1079    .ARM.Collect$$rtexit$$00000003  c_w.l(rtexit2.o)
    0x0800033e   0x0800033e   0x00000006   Code   RO         1080    .ARM.Collect$$rtexit$$00000004  c_w.l(rtexit2.o)
    0x08000344   0x08000344   0x000000c4   Code   RO          587    .text               c_w.l(h1_realloc.o)
    0x08000408   0x08000408   0x00000074   Code   RO          641    .text               c_w.l(llsdiv.o)
    0x0800047c   0x0800047c   0x0000002c   Code   RO          643    .text               c_w.l(__2sprintf.o)
    0x080004a8   0x080004a8   0x0000004e   Code   RO          649    .text               c_w.l(_printf_pad.o)
    0x080004f6   0x080004f6   0x00000002   PAD
    0x080004f8   0x080004f8   0x00000078   Code   RO          651    .text               c_w.l(_printf_dec.o)
    0x08000570   0x08000570   0x00000058   Code   RO          656    .text               c_w.l(_printf_hex_int.o)
    0x080005c8   0x080005c8   0x0000010e   Code   RO          682    .text               c_w.l(__printf_wp.o)
    0x080006d6   0x080006d6   0x00000072   Code   RO          699    .text               c_w.l(strtoul.o)
    0x08000748   0x08000748   0x00000064   Code   RO          701    .text               c_w.l(rt_memcpy_w.o)
    0x080007ac   0x080007ac   0x00000010   Code   RO          742    .text               c_w.l(rt_ctype_table.o)
    0x080007bc   0x080007bc   0x00000008   Code   RO          751    .text               c_w.l(rt_heap_descriptor_intlibspace.o)
    0x080007c4   0x080007c4   0x00000008   Code   RO          756    .text               c_w.l(rt_errno_addr_intlibspace.o)
    0x080007cc   0x080007cc   0x00000004   Code   RO          758    .text               c_w.l(hguard.o)
    0x080007d0   0x080007d0   0x0000008a   Code   RO          760    .text               c_w.l(init_alloc.o)
    0x0800085a   0x0800085a   0x0000005e   Code   RO          768    .text               c_w.l(h1_alloc.o)
    0x080008b8   0x080008b8   0x0000004e   Code   RO          770    .text               c_w.l(h1_free.o)
    0x08000906   0x08000906   0x000000f0   Code   RO          784    .text               c_w.l(lludivv7m.o)
    0x080009f6   0x080009f6   0x000000b2   Code   RO          786    .text               c_w.l(_printf_intcommon.o)
    0x08000aa8   0x08000aa8   0x0000041c   Code   RO          788    .text               c_w.l(_printf_fp_dec.o)
    0x08000ec4   0x08000ec4   0x00000030   Code   RO          792    .text               c_w.l(_printf_char_common.o)
    0x08000ef4   0x08000ef4   0x0000000a   Code   RO          794    .text               c_w.l(_sputc.o)
    0x08000efe   0x08000efe   0x0000009e   Code   RO          797    .text               c_w.l(_strtoul.o)
    0x08000f9c   0x08000f9c   0x000000b0   Code   RO          799    .text               c_w.l(strtod.o)
    0x0800104c   0x0800104c   0x00000008   Code   RO          838    .text               c_w.l(rt_locale_intlibspace.o)
    0x08001054   0x08001054   0x00000000   Code   RO          840    .text               c_w.l(maybetermalloc1.o)
    0x08001054   0x08001054   0x0000000c   Code   RO          842    .text               c_w.l(h1_init.o)
    0x08001060   0x08001060   0x00000034   Code   RO          844    .text               c_w.l(h1_extend.o)
    0x08001094   0x08001094   0x0000008a   Code   RO          850    .text               c_w.l(lludiv10.o)
    0x0800111e   0x0800111e   0x00000012   Code   RO          852    .text               c_w.l(isspace.o)
    0x08001130   0x08001130   0x00000080   Code   RO          854    .text               c_w.l(_printf_fp_infnan.o)
    0x080011b0   0x080011b0   0x0000001c   Code   RO          858    .text               c_w.l(_chval.o)
    0x080011cc   0x080011cc   0x00000040   Code   RO          860    .text               c_w.l(_sgetc.o)
    0x0800120c   0x0800120c   0x000000e4   Code   RO          862    .text               c_w.l(bigflt0.o)
    0x080012f0   0x080012f0   0x0000000e   Code   RO          895    .text               c_w.l(defsig_rtmem_outer.o)
    0x080012fe   0x080012fe   0x00000002   PAD
    0x08001300   0x08001300   0x000004f8   Code   RO          971    .text               c_w.l(scanf_fp.o)
    0x080017f8   0x080017f8   0x00000012   Code   RO          977    .text               c_w.l(exit.o)
    0x0800180a   0x0800180a   0x0000000a   Code   RO          979    .text               c_w.l(defsig_exit.o)
    0x08001814   0x08001814   0x00000050   Code   RO          985    .text               c_w.l(defsig_rtmem_inner.o)
    0x08001864   0x08001864   0x00000004   PAD
    0x08001868   0x08001868   0x0000007c   Code   RO          987    .text               c_w.l(strcmpv8m_maindsp.o)
    0x080018e4   0x080018e4   0x0000000c   Code   RO          999    .text               c_w.l(sys_exit.o)
    0x080018f0   0x080018f0   0x00000002   Code   RO         1003    .text               c_w.l(use_no_semi.o)
    0x080018f2   0x080018f2   0x00000000   Code   RO         1005    .text               c_w.l(indicate_semi.o)
    0x080018f2   0x080018f2   0x00000026   Code   RO         1016    .text               c_w.l(llshl.o)
    0x08001918   0x08001918   0x00000032   Code   RO         1025    .text               c_w.l(defsig_general.o)
    0x0800194a   0x0800194a   0x0000000e   Code   RO         1073    .text               c_w.l(sys_wrch.o)
    0x08001958   0x08001958   0x00000016   Code   RO         1084    .text               c_w.l(_rserrno.o)
    0x0800196e   0x0800196e   0x00000002   PAD
    0x08001970   0x08001970   0x00000320   Code   RO         1086    .text               c_w.l(scanf_hexfp.o)
    0x08001c90   0x08001c90   0x00000134   Code   RO         1088    .text               c_w.l(scanf_infnan.o)
    0x08001dc4   0x08001dc4   0x00000062   Code   RO            6    .text.AD403X_EnterRegAccess  ad403x.o
    0x08001e26   0x08001e26   0x00000002   PAD
    0x08001e28   0x08001e28   0x00000052   Code   RO            8    .text.AD403X_ExitRegAccess  ad403x.o
    0x08001e7a   0x08001e7a   0x00000002   PAD
    0x08001e7c   0x08001e7c   0x000000c2   Code   RO           16    .text.AD403X_ReadRegisterSingle  ad403x.o
    0x08001f3e   0x08001f3e   0x00000002   PAD
    0x08001f40   0x08001f40   0x00000024   Code   RO            4    .text.AD403X_Reset  ad403x.o
    0x08001f64   0x08001f64   0x0000002e   Code   RO           10    .text.AD403X_WriteRegister  ad403x.o
    0x08001f92   0x08001f92   0x00000002   PAD
    0x08001f94   0x08001f94   0x00000068   Code   RO           30    .text.AD5686_SetDefaultOutputs  ad5686.o
    0x08001ffc   0x08001ffc   0x00000036   Code   RO           28    .text.AD5686_WriteDACDMA  ad5686.o
    0x08002032   0x08002032   0x00000002   PAD
    0x08002034   0x08002034   0x00000048   Code   RO           40    .text.ADCInit       adc.o
    0x0800207c   0x0800207c   0x0000002a   Code   RO          334    .text.DACInit       dac.o
    0x080020a6   0x080020a6   0x00000002   PAD
    0x080020a8   0x080020a8   0x00000010   Code   RO          344    .text.DMA_CH1_Config  dma.o
    0x080020b8   0x080020b8   0x00000010   Code   RO          392    .text.DMA_CH1_Enable  dma.o
    0x080020c8   0x080020c8   0x0000002a   Code   RO          408    .text.DMA_CH1_Init  dma.o
    0x080020f2   0x080020f2   0x00000002   PAD
    0x080020f4   0x080020f4   0x00000010   Code   RO          346    .text.DMA_CH2_Config  dma.o
    0x08002104   0x08002104   0x00000012   Code   RO          394    .text.DMA_CH2_Enable  dma.o
    0x08002116   0x08002116   0x00000002   PAD
    0x08002118   0x08002118   0x0000002c   Code   RO          410    .text.DMA_CH2_Init  dma.o
    0x08002144   0x08002144   0x00000012   Code   RO          396    .text.DMA_CH3_Enable  dma.o
    0x08002156   0x08002156   0x00000002   PAD
    0x08002158   0x08002158   0x00000010   Code   RO          350    .text.DMA_CH4_Config  dma.o
    0x08002168   0x08002168   0x00000012   Code   RO          398    .text.DMA_CH4_Enable  dma.o
    0x0800217a   0x0800217a   0x00000002   PAD
    0x0800217c   0x0800217c   0x00000030   Code   RO          414    .text.DMA_CH4_Init  dma.o
    0x080021ac   0x080021ac   0x00000004   Code   RO          555    .text.Default_Handler  startup_stm32u575xx.o
    0x080021b0   0x080021b0   0x00000084   Code   RO           96    .text.EXTI0_IRQHandler  main.o
    0x08002234   0x08002234   0x00000150   Code   RO           98    .text.GPDMA1_Channel0_IRQHandler  main.o
    0x08002384   0x08002384   0x0000002e   Code   RO          104    .text.GPDMA1_Channel1_IRQHandler  main.o
    0x080023b2   0x080023b2   0x00000002   PAD
    0x080023b4   0x080023b4   0x00000044   Code   RO          100    .text.GPDMA1_Channel2_IRQHandler  main.o
    0x080023f8   0x080023f8   0x00000028   Code   RO          106    .text.GPDMA1_Channel3_IRQHandler  main.o
    0x08002420   0x08002420   0x00000038   Code   RO          510    .text.GPIOcdsclocks  acq.o
    0x08002458   0x08002458   0x00000058   Code   RO          508    .text.GPIOmodclocks  acq.o
    0x080024b0   0x080024b0   0x00000004   Code   RO          559    .text.HardFault_Handler  startup_stm32u575xx.o
    0x080024b4   0x080024b4   0x00000012   Code   RO          437    .text.I2C1Enable    i2c.o
    0x080024c6   0x080024c6   0x00000002   PAD
    0x080024c8   0x080024c8   0x00000056   Code   RO          431    .text.I2C1Init      i2c.o
    0x0800251e   0x0800251e   0x00000002   PAD
    0x08002520   0x08002520   0x0000019c   Code   RO          439    .text.I2C1SendData  i2c.o
    0x080026bc   0x080026bc   0x00000012   Code   RO          294    .text.LPTIM1Enable  tim.o
    0x080026ce   0x080026ce   0x00000002   PAD
    0x080026d0   0x080026d0   0x00000024   Code   RO          284    .text.LPTIM1Init    tim.o
    0x080026f4   0x080026f4   0x00000012   Code   RO          296    .text.LPTIM1Start   tim.o
    0x08002706   0x08002706   0x00000002   PAD
    0x08002708   0x08002708   0x00000056   Code   RO          298    .text.LPTIM1Stop    tim.o
    0x0800275e   0x0800275e   0x00000002   PAD
    0x08002760   0x08002760   0x00000032   Code   RO           94    .text.LPTIM1_IRQHandler  main.o
    0x08002792   0x08002792   0x00000002   PAD
    0x08002794   0x08002794   0x00000032   Code   RO          557    .text.Reset_Handler  startup_stm32u575xx.o
    0x080027c6   0x080027c6   0x00000002   PAD
    0x080027c8   0x080027c8   0x00000082   Code   RO          219    .text.SPI1TransmitOne  spi.o
    0x0800284a   0x0800284a   0x00000002   PAD
    0x0800284c   0x0800284c   0x00000028   Code   RO          213    .text.SPI2DMAEnable  spi.o
    0x08002874   0x08002874   0x00000012   Code   RO          211    .text.SPI2Enable    spi.o
    0x08002886   0x08002886   0x00000002   PAD
    0x08002888   0x08002888   0x00000026   Code   RO          215    .text.SPI2EnableEOTInt  spi.o
    0x080028ae   0x080028ae   0x00000002   PAD
    0x080028b0   0x080028b0   0x00000034   Code   RO          223    .text.SPI2TransmitOne  spi.o
    0x080028e4   0x080028e4   0x0000001e   Code   RO          108    .text.SPI2_IRQHandler  main.o
    0x08002902   0x08002902   0x00000002   PAD
    0x08002904   0x08002904   0x00000142   Code   RO          201    .text.SPIInit       spi.o
    0x08002a46   0x08002a46   0x00000002   PAD
    0x08002a48   0x08002a48   0x00000076   Code   RO          569    .text.SystemInit    system_stm32u5xx.o
    0x08002abe   0x08002abe   0x00000002   PAD
    0x08002ac0   0x08002ac0   0x0000000e   Code   RO          286    .text.TIM15Config   tim.o
    0x08002ace   0x08002ace   0x00000002   PAD
    0x08002ad0   0x08002ad0   0x00000012   Code   RO          264    .text.TIM15Disable  tim.o
    0x08002ae2   0x08002ae2   0x00000002   PAD
    0x08002ae4   0x08002ae4   0x00000012   Code   RO          292    .text.TIM15Enable   tim.o
    0x08002af6   0x08002af6   0x00000002   PAD
    0x08002af8   0x08002af8   0x0000000e   Code   RO          300    .text.TIM15GetCNT   tim.o
    0x08002b06   0x08002b06   0x00000002   PAD
    0x08002b08   0x08002b08   0x0000001e   Code   RO          280    .text.TIM15Init     tim.o
    0x08002b26   0x08002b26   0x00000002   PAD
    0x08002b28   0x08002b28   0x0000000e   Code   RO          250    .text.TIM2Disable   tim.o
    0x08002b36   0x08002b36   0x00000002   PAD
    0x08002b38   0x08002b38   0x0000001e   Code   RO          288    .text.TIM2Enable    tim.o
    0x08002b56   0x08002b56   0x00000002   PAD
    0x08002b58   0x08002b58   0x0000008c   Code   RO          266    .text.TIM2Init      tim.o
    0x08002be4   0x08002be4   0x00000012   Code   RO          252    .text.TIM3Disable   tim.o
    0x08002bf6   0x08002bf6   0x00000002   PAD
    0x08002bf8   0x08002bf8   0x0000009e   Code   RO          268    .text.TIM3Init      tim.o
    0x08002c96   0x08002c96   0x00000002   PAD
    0x08002c98   0x08002c98   0x000000aa   Code   RO          110    .text.TIM3_IRQHandler  main.o
    0x08002d42   0x08002d42   0x00000002   PAD
    0x08002d44   0x08002d44   0x00000012   Code   RO          254    .text.TIM4Disable   tim.o
    0x08002d56   0x08002d56   0x00000002   PAD
    0x08002d58   0x08002d58   0x00000062   Code   RO          270    .text.TIM4Init      tim.o
    0x08002dba   0x08002dba   0x00000002   PAD
    0x08002dbc   0x08002dbc   0x00000012   Code   RO          256    .text.TIM5Disable   tim.o
    0x08002dce   0x08002dce   0x00000002   PAD
    0x08002dd0   0x08002dd0   0x00000030   Code   RO          272    .text.TIM5Init      tim.o
    0x08002e00   0x08002e00   0x0000001e   Code   RO          274    .text.TIM6Init      tim.o
    0x08002e1e   0x08002e1e   0x00000002   PAD
    0x08002e20   0x08002e20   0x0000002c   Code   RO          276    .text.TIM7Init      tim.o
    0x08002e4c   0x08002e4c   0x0000004e   Code   RO          116    .text.TIM7_IRQHandler  main.o
    0x08002e9a   0x08002e9a   0x00000002   PAD
    0x08002e9c   0x08002e9c   0x00000012   Code   RO          262    .text.TIM8Disable   tim.o
    0x08002eae   0x08002eae   0x00000002   PAD
    0x08002eb0   0x08002eb0   0x00000052   Code   RO          278    .text.TIM8Init      tim.o
    0x08002f02   0x08002f02   0x00000002   PAD
    0x08002f04   0x08002f04   0x00000082   Code   RO          502    .text.TIMmodclocks  acq.o
    0x08002f86   0x08002f86   0x00000002   PAD
    0x08002f88   0x08002f88   0x00000058   Code   RO          451    .text.TMP117Init    tmp117.o
    0x08002fe0   0x08002fe0   0x00000058   Code   RO          461    .text.TMP117UpdateTemps  tmp117.o
    0x08003038   0x08003038   0x00000128   Code   RO          457    .text.TMP117getTemp  tmp117.o
    0x08003160   0x08003160   0x00000012   Code   RO          318    .text.UART4DisableDMATx  uart.o
    0x08003172   0x08003172   0x00000002   PAD
    0x08003174   0x08003174   0x00000012   Code   RO          320    .text.UART4EnableDMATx  uart.o
    0x08003186   0x08003186   0x00000002   PAD
    0x08003188   0x08003188   0x000000a8   Code   RO          316    .text.UART4Init     uart.o
    0x08003230   0x08003230   0x00000066   Code   RO           92    .text.UART4_IRQHandler  main.o
    0x08003296   0x08003296   0x00000002   PAD
    0x08003298   0x08003298   0x0000003a   Code   RO          304    .text.delay_us      tim.o
    0x080032d2   0x080032d2   0x00000002   PAD
    0x080032d4   0x080032d4   0x00000004   Code   RO          518    .text.getGpioPhase  acq.o
    0x080032d8   0x080032d8   0x00000026   Code   RO          544    .text.gpioCDSCmd    serial_io.o
    0x080032fe   0x080032fe   0x00000002   PAD
    0x08003300   0x08003300   0x0000049c   Code   RO           63    .text.gpioInit      gpio.o
    0x0800379c   0x0800379c   0x000001ae   Code   RO           65    .text.gpioInitPin   gpio.o
    0x0800394a   0x0800394a   0x00000002   PAD
    0x0800394c   0x0800394c   0x00000052   Code   RO           69    .text.gpioResetPin  gpio.o
    0x0800399e   0x0800399e   0x00000002   PAD
    0x080039a0   0x080039a0   0x00000072   Code   RO           75    .text.gpioSetAF     gpio.o
    0x08003a12   0x08003a12   0x00000002   PAD
    0x08003a14   0x08003a14   0x0000004c   Code   RO           67    .text.gpioSetPin    gpio.o
    0x08003a60   0x08003a60   0x0000025c   Code   RO           86    .text.main          main.o
    0x08003cbc   0x08003cbc   0x0000002e   Code   RO          173    .text.makeNCSgpio   ospi.o
    0x08003cea   0x08003cea   0x00000002   PAD
    0x08003cec   0x08003cec   0x000004d0   Code   RO          538    .text.parseInput    serial_io.o
    0x080041bc   0x080041bc   0x000001be   Code   RO          504    .text.pauseAcquisition  acq.o
    0x0800437a   0x0800437a   0x00000002   PAD
    0x0800437c   0x0800437c   0x00000158   Code   RO          516    .text.pauseAcquisitionDiagnostic  acq.o
    0x080044d4   0x080044d4   0x00000004   PAD
    0x080044d8   0x080044d8   0x00000210   Code   RO          118    .text.processDataBlock  main.o
    0x080046e8   0x080046e8   0x000002c0   Code   RO          114    .text.processDataCycle  main.o
    0x080049a8   0x080049a8   0x000000b0   Code   RO          528    .text.relaySetState  acq.o
    0x08004a58   0x08004a58   0x00000020   Code   RO          322    .text.sendData      uart.o
    0x08004a78   0x08004a78   0x00000128   Code   RO          324    .text.sendDataBlocking  uart.o
    0x08004ba0   0x08004ba0   0x00000258   Code   RO          540    .text.sendParameterString  serial_io.o
    0x08004df8   0x08004df8   0x00000044   Code   RO          542    .text.sendRegValue  serial_io.o
    0x08004e3c   0x08004e3c   0x00000048   Code   RO          486    .text.setAcquisitionDefaults  acq.o
    0x08004e84   0x08004e84   0x00000004   PAD
    0x08004e88   0x08004e88   0x000000d0   Code   RO          520    .text.setGain       acq.o
    0x08004f58   0x08004f58   0x0000006c   Code   RO          514    .text.setcdsphase   acq.o
    0x08004fc4   0x08004fc4   0x00000076   Code   RO          512    .text.setmodphase   acq.o
    0x0800503a   0x0800503a   0x00000002   PAD
    0x0800503c   0x0800503c   0x000000f6   Code   RO          488    .text.setupAcquisition  acq.o
    0x08005132   0x08005132   0x00000002   PAD
    0x08005134   0x08005134   0x0000008a   Code   RO          498    .text.startAcquisition  acq.o
    0x080051be   0x080051be   0x00000002   PAD
    0x080051c0   0x080051c0   0x0000022e   Code   RO          237    .text.sysConfig     sys_cfg.o
    0x080053ee   0x080053ee   0x00000002   PAD
    0x080053f0   0x080053f0   0x00000154   Code   RO          492    .text.timerConfig   acq.o
    0x08005544   0x08005544   0x0000003e   Code   RO          865    CL$$btod_d2e        c_w.l(btod.o)
    0x08005582   0x08005582   0x00000046   Code   RO          867    CL$$btod_d2e_denorm_low  c_w.l(btod.o)
    0x080055c8   0x080055c8   0x00000060   Code   RO          866    CL$$btod_d2e_norm_op1  c_w.l(btod.o)
    0x08005628   0x08005628   0x00000338   Code   RO          875    CL$$btod_div_common  c_w.l(btod.o)
    0x08005960   0x08005960   0x00000084   Code   RO          873    CL$$btod_e2d        c_w.l(btod.o)
    0x080059e4   0x080059e4   0x000000dc   Code   RO          872    CL$$btod_e2e        c_w.l(btod.o)
    0x08005ac0   0x08005ac0   0x0000002a   Code   RO          869    CL$$btod_ediv       c_w.l(btod.o)
    0x08005aea   0x08005aea   0x0000002a   Code   RO          871    CL$$btod_edivd      c_w.l(btod.o)
    0x08005b14   0x08005b14   0x0000002a   Code   RO          868    CL$$btod_emul       c_w.l(btod.o)
    0x08005b3e   0x08005b3e   0x0000002a   Code   RO          870    CL$$btod_emuld      c_w.l(btod.o)
    0x08005b68   0x08005b68   0x00000244   Code   RO          874    CL$$btod_mult_common  c_w.l(btod.o)
    0x08005dac   0x08005dac   0x00000030   Code   RO          957    i.__ARM_fpclassify  m_wm.l(fpclassify.o)
    0x08005ddc   0x08005ddc   0x00000004   PAD
    0x08005de0   0x08005de0   0x000000f8   Code   RO         1065    i.__hardfp___mathlib_tofloat  m_wm.l(narrow.o)
    0x08005ed8   0x08005ed8   0x000000d0   Code   RO         1123    i.__hardfp_ldexp    m_wm.l(ldexp.o)
    0x08005fa8   0x08005fa8   0x00000028   Code   RO          733    i.__hardfp_strtod   m_wm.l(strtod.o)
    0x08005fd0   0x08005fd0   0x00000020   Code   RO         1137    i.__mathlib_dbl_overflow  m_wm.l(dunder.o)
    0x08005ff0   0x08005ff0   0x00000020   Code   RO         1139    i.__mathlib_dbl_underflow  m_wm.l(dunder.o)
    0x08006010   0x08006010   0x00000012   Code   RO         1066    i.__mathlib_narrow  m_wm.l(narrow.o)
    0x08006022   0x08006022   0x00000014   Code   RO         1125    i.__support_ldexp   m_wm.l(ldexp.o)
    0x08006036   0x08006036   0x0000000e   Code   RO          685    i._is_digit         c_w.l(__printf_wp.o)
    0x08006044   0x08006044   0x00000004   PAD
    0x08006048   0x08006048   0x0000008c   Code   RO         1098    i.frexp             m_wm.l(frexp.o)
    0x080060d4   0x080060d4   0x0000002c   Code   RO          890    locale$$code        c_w.l(lc_ctype_c.o)
    0x08006100   0x08006100   0x0000002c   Code   RO          893    locale$$code        c_w.l(lc_numeric_c.o)
    0x0800612c   0x0800612c   0x00000062   Code   RO          705    x$fpl$d2f           fz_wm.l(d2f.o)
    0x0800618e   0x0800618e   0x00000002   PAD
    0x08006190   0x08006190   0x00000150   Code   RO          707    x$fpl$dadd          fz_wm.l(daddsub_clz.o)
    0x080062e0   0x080062e0   0x00000010   Code   RO         1147    x$fpl$dcheck1       fz_wm.l(dcheck1.o)
    0x080062f0   0x080062f0   0x00000018   Code   RO         1119    x$fpl$dcmpinf       fz_wm.l(dcmpi.o)
    0x08006308   0x08006308   0x000002b4   Code   RO          714    x$fpl$ddiv          fz_wm.l(ddiv.o)
    0x080065bc   0x080065bc   0x00000078   Code   RO         1092    x$fpl$deqf          fz_wm.l(deqf.o)
    0x08006634   0x08006634   0x0000002e   Code   RO          718    x$fpl$dflt          fz_wm.l(dflt_clz.o)
    0x08006662   0x08006662   0x00000002   PAD
    0x08006664   0x08006664   0x000000a2   Code   RO          723    x$fpl$dfltll        fz_wm.l(dfltll_clz.o)
    0x08006706   0x08006706   0x00000026   Code   RO          717    x$fpl$dfltu         fz_wm.l(dflt_clz.o)
    0x0800672c   0x0800672c   0x00000078   Code   RO         1121    x$fpl$dleqf         fz_wm.l(dleqf.o)
    0x080067a4   0x080067a4   0x00000154   Code   RO          727    x$fpl$dmul          fz_wm.l(dmul.o)
    0x080068f8   0x080068f8   0x0000009c   Code   RO          801    x$fpl$dnaninf       fz_wm.l(dnaninf.o)
    0x08006994   0x08006994   0x0000000c   Code   RO          803    x$fpl$dretinf       fz_wm.l(dretinf.o)
    0x080069a0   0x080069a0   0x0000006c   Code   RO         1094    x$fpl$drleqf        fz_wm.l(drleqf.o)
    0x08006a0c   0x08006a0c   0x000001dc   Code   RO          709    x$fpl$dsub          fz_wm.l(daddsub_clz.o)
    0x08006be8   0x08006be8   0x00000056   Code   RO          729    x$fpl$f2d           fz_wm.l(f2d.o)
    0x08006c3e   0x08006c3e   0x0000008c   Code   RO          805    x$fpl$fnaninf       fz_wm.l(fnaninf.o)
    0x08006cca   0x08006cca   0x0000001a   Code   RO          997    x$fpl$fpinit        fz_wm.l(fpinit.o)
    0x08006ce4   0x08006ce4   0x0000000a   Code   RO          807    x$fpl$fretinf       fz_wm.l(fretinf.o)
    0x08006cee   0x08006cee   0x00000006   Code   RO          953    x$fpl$ieeestatus    fz_wm.l(istatus.o)
    0x08006cf4   0x08006cf4   0x00000004   Code   RO          731    x$fpl$printf1       fz_wm.l(printf1.o)
    0x08006cf8   0x08006cf8   0x00000064   Code   RO         1149    x$fpl$retnan        fz_wm.l(retnan.o)
    0x08006d5c   0x08006d5c   0x0000005c   Code   RO         1131    x$fpl$scalbn        fz_wm.l(scalbn.o)
    0x08006db8   0x08006db8   0x00000004   Code   RO          955    x$fpl$scanf1        fz_wm.l(scanf1.o)
    0x08006dbc   0x08006dbc   0x00000008   Code   RO         1059    x$fpl$scanf2        fz_wm.l(scanf2.o)
    0x08006dc4   0x08006dc4   0x00000030   Code   RO         1151    x$fpl$trapveneer    fz_wm.l(trapv.o)
    0x08006df4   0x08006df4   0x00000000   Code   RO          809    x$fpl$usenofp       fz_wm.l(usenofp.o)
    0x08006df4   0x08006df4   0x00000028   Data   RO          657    .constdata          c_w.l(_printf_hex_int.o)
    0x08006e1c   0x08006e1c   0x00000094   Data   RO          863    .constdata          c_w.l(bigflt0.o)
    0x08006eb0   0x08006eb0   0x00000108   Data   RO          546    .rodata.str1.1      serial_io.o
    0x08006fb8   0x08006fb8   0x00000020   Data   RO         1154    Region$$Table       anon$$obj.o
    0x08006fd8   0x08006fd8   0x00000008   Data   RO         1055    c$$dinf             fz_wm.l(fpconst.o)
    0x08006fe0   0x08006fe0   0x00000008   Data   RO         1058    c$$dmax             fz_wm.l(fpconst.o)
    0x08006fe8   0x08006fe8   0x00000110   Data   RO          889    locale$$data        c_w.l(lc_ctype_c.o)
    0x080070f8   0x080070f8   0x0000001c   Data   RO          892    locale$$data        c_w.l(lc_numeric_c.o)


    Execution Region RW_RAM (Exec base: 0x20000000, Load base: 0x08007118, Size: 0x00000260, Max: 0x000bf000, ABSOLUTE)

    Exec Addr    Load Addr    Size         Type   Attr      Idx    E Section Name        Object

    0x20000000   0x08007118   0x00000002   Data   RW          134    .data.Vos_dac_code  main.o
    0x20000002   0x0800711a   0x00000004   Data   RW          145    .data.dacCmd        main.o
    0x20000006   0x0800711e   0x00000002   PAD
    0x20000008   0x08007120   0x00000010   Data   RW          146    .data.dacData       main.o
    0x20000018   0x08007130   0x00000003   Data   RW          469    .data.tmp117_addr   tmp117.o
    0x2000001b   0x08007133   0x00000005   PAD
    0x20000020        -       0x00000060   Zero   RW          811    .bss                c_w.l(libspace.o)
    0x20000080        -       0x00000004   Zero   RW          149    .bss.AD4032_data    main.o
    0x20000084        -       0x0000000c   Zero   RW          475    .bss.I2C_CR2_write  tmp117.o
    0x20000090        -       0x00000008   Zero   RW          153    .bss.Vavg           main.o
    0x20000098        -       0x00000004   Zero   RW          152    .bss.Vos            main.o
    0x2000009c   0x08007133   0x00000004   PAD
    0x200000a0        -       0x00000008   Zero   RW          142    .bss.Vref           main.o
    0x200000a8        -       0x0000004c   Zero   RW          140    .bss.acq1           main.o
    0x200000f4        -       0x0000004c   Zero   RW          141    .bss.acq2           main.o
    0x20000140        -       0x00000008   Zero   RW          139    .bss.avg_accum      main.o
    0x20000148        -       0x00000004   Zero   RW          477    .bss.ch3_cllr0      tmp117.o
    0x2000014c        -       0x00000001   Zero   RW          147    .bss.cmdCount       main.o
    0x2000014d        -       0x00000002   Zero   RW          136    .bss.cmdInd         main.o
    0x2000014f   0x08007133   0x00000001   PAD
    0x20000150        -       0x00000002   Zero   RW          133    .bss.flags          main.o
    0x20000152   0x08007133   0x00000006   PAD
    0x20000158        -       0x00000008   Zero   RW          143    .bss.gain40         main.o
    0x20000160        -       0x00000008   Zero   RW          144    .bss.gain60         main.o
    0x20000168        -       0x00000002   Zero   RW          132    .bss.ind            main.o
    0x2000016a   0x08007133   0x00000002   PAD
    0x2000016c        -       0x00000004   Zero   RW          137    .bss.offset_accum   main.o
    0x20000170        -       0x00000002   Zero   RW          138    .bss.offset_counter  main.o
    0x20000172   0x08007133   0x00000006   PAD
    0x20000178        -       0x00000010   Zero   RW          150    .bss.partial_avg    main.o
    0x20000188        -       0x00000004   Zero   RW          151    .bss.spi2rxbuf      main.o
    0x2000018c        -       0x0000000c   Zero   RW          472    .bss.temps          tmp117.o
    0x20000198        -       0x00000006   Zero   RW          470    .bss.tmp117_data    tmp117.o
    0x2000019e        -       0x00000001   Zero   RW          471    .bss.tmp_index      tmp117.o
    0x2000019f        -       0x00000080   Zero   RW          148    .bss.uartRxBuf      main.o
    0x2000021f        -       0x00000040   Zero   RW          154    .bss.uartTxBuf      main.o


    Execution Region ARM_LIB_HEAP (Exec base: 0x20000260, Load base: 0x08007138, Size: 0x00000c00, Max: 0x00000c00, ABSOLUTE)

    Exec Addr    Load Addr    Size         Type   Attr      Idx    E Section Name        Object

    0x20000260        -       0x00000c00   Zero   RW            1    ARM_LIB_HEAP.bss    anon$$obj.o


    Execution Region ARM_LIB_STACK (Exec base: 0x200bfc00, Load base: 0x08007138, Size: 0x00000400, Max: 0x00000400, ABSOLUTE)

    Exec Addr    Load Addr    Size         Type   Attr      Idx    E Section Name        Object

    0x200bfc00        -       0x00000400   Zero   RW            2    ARM_LIB_STACK.bss   anon$$obj.o


==============================================================================

Image component sizes


      Code (inc. data)   RO Data    RW Data    ZI Data      Debug   Object Name

      2474         24          0          0          0      11126   acq.o
       456          0          0          0          0       3990   ad403x.o
       158          0          0          0          0       2202   ad5686.o
        72          0          0          0          0       2578   adc.o
        42          0          0          0          0       1076   dac.o
       252          0          0          0          0       5593   dma.o
      1882         32          0          0          0       8094   gpio.o
       516          0          0          0          0       4065   i2c.o
      2888         64          0         22        425      18972   main.o
        46          0          0          0          0       4923   ospi.o
      1938        262        264          0          0       4638   serial_io.o
       600          0          0          0          0       4876   spi.o
        58          0        564          0          0       1321   startup_stm32u575xx.o
       558          0          0          0          0       4415   sys_cfg.o
       118          0          0          0          0       4136   system_stm32u5xx.o
      1026          0          0          0          0       6042   tim.o
       472          8          0          3         35       5681   tmp117.o
       532          0          0          0          0       3012   uart.o

    ----------------------------------------------------------------------
     14208        390        860         28       4580      96740   Object Totals
         0          0         32          0       4096          0   (incl. Generated)
       120          0          0          3         24          0   (incl. Padding)

    ----------------------------------------------------------------------

      Code (inc. data)   RO Data    RW Data    ZI Data      Debug   Library Member Name

        44          6          0          0          0         84   __2sprintf.o
         8          0          0          0          0         68   __main.o
       284          0          0          0          0        156   __printf_wp.o
         0          0          0          0          0          0   __rtentry.o
        12          0          0          0          0          0   __rtentry2.o
         8          4          0          0          0          0   __rtentry7.o
        94          8          0          0          0          0   __scatter.o
        26          0          0          0          0          0   __scatter_copy.o
        28          0          0          0          0          0   __scatter_zi.o
        28          0          0          0          0         68   _chval.o
        48          6          0          0          0         96   _printf_char_common.o
         6          0          0          0          0          0   _printf_d.o
       120         16          0          0          0         92   _printf_dec.o
         6          0          0          0          0          0   _printf_f.o
      1052          0          0          0          0        148   _printf_fp_dec.o
       128         16          0          0          0         84   _printf_fp_infnan.o
        88          4         40          0          0         88   _printf_hex_int.o
       178          0          0          0          0         88   _printf_intcommon.o
        78          0          0          0          0        108   _printf_pad.o
         0          0          0          0          0          0   _printf_percent.o
         4          0          0          0          0          0   _printf_percent_end.o
         6          0          0          0          0          0   _printf_x.o
        22          0          0          0          0        100   _rserrno.o
        64          0          0          0          0         84   _sgetc.o
        10          0          0          0          0         68   _sputc.o
       158          0          0          0          0         92   _strtoul.o
       228          4        148          0          0         96   bigflt0.o
      2152        136          0          0          0        956   btod.o
        10          0          0          0          0         68   defsig_exit.o
        50          0          0          0          0         88   defsig_general.o
        80         58          0          0          0         76   defsig_rtmem_inner.o
        14          0          0          0          0         80   defsig_rtmem_outer.o
        18          0          0          0          0         80   exit.o
        94          0          0          0          0         80   h1_alloc.o
        52          0          0          0          0         68   h1_extend.o
        78          0          0          0          0         80   h1_free.o
        12          0          0          0          0         84   h1_init.o
       196          0          0          0          0         92   h1_realloc.o
         4          0          0          0          0        136   hguard.o
         0          0          0          0          0          0   indicate_semi.o
       138          0          0          0          0        168   init_alloc.o
        18          0          0          0          0         76   isspace.o
        44         10        272          0          0         76   lc_ctype_c.o
        44         10         28          0          0         76   lc_numeric_c.o
         2          0          0          0          0          0   libinit.o
        34          0          0          0          0          0   libinit2.o
        16          8          0          0          0          0   libinit5.o
         2          0          0          0          0          0   libshutdown.o
         2          0          0          0          0          0   libshutdown2.o
         0          0          0          0         96          0   libspace.o
       116          0          0          0          0         84   llsdiv.o
        38          0          0          0          0         68   llshl.o
       138          0          0          0          0         80   lludiv10.o
       240          0          0          0          0        100   lludivv7m.o
         0          0          0          0          0          0   maybetermalloc1.o
        16          4          0          0          0         76   rt_ctype_table.o
         8          4          0          0          0         68   rt_errno_addr_intlibspace.o
         8          4          0          0          0         68   rt_heap_descriptor_intlibspace.o
         8          4          0          0          0         68   rt_locale_intlibspace.o
       100          0          0          0          0         80   rt_memcpy_w.o
         2          0          0          0          0          0   rtexit.o
        10          0          0          0          0          0   rtexit2.o
      1272         16          0          0          0        168   scanf_fp.o
       800         14          0          0          0        100   scanf_hexfp.o
       308         16          0          0          0        100   scanf_infnan.o
       124          0          0          0          0         88   strcmpv8m_maindsp.o
       176         14          0          0          0        124   strtod.o
       114          0          0          0          0         92   strtoul.o
        12          4          0          0          0         68   sys_exit.o
        14          0          0          0          0         76   sys_wrch.o
         2          0          0          0          0         68   use_no_semi.o
        98          4          0          0          0        140   d2f.o
       812         16          0          0          0        392   daddsub_clz.o
        16          4          0          0          0        116   dcheck1.o
        24          0          0          0          0        116   dcmpi.o
       692        140          0          0          0        264   ddiv.o
       120          4          0          0          0        140   deqf.o
        84          0          0          0          0        232   dflt_clz.o
       162          0          0          0          0        132   dfltll_clz.o
       120          4          0          0          0        140   dleqf.o
       340         12          0          0          0        152   dmul.o
       156          4          0          0          0        140   dnaninf.o
        12          0          0          0          0        116   dretinf.o
       108          0          0          0          0        128   drleqf.o
        86          4          0          0          0        132   f2d.o
       140          4          0          0          0        132   fnaninf.o
         0          0         16          0          0          0   fpconst.o
        26          0          0          0          0        116   fpinit.o
        10          0          0          0          0        116   fretinf.o
         6          0          0          0          0        116   istatus.o
         4          0          0          0          0        116   printf1.o
       100          0          0          0          0        116   retnan.o
        92          0          0          0          0        116   scalbn.o
         4          0          0          0          0        116   scanf1.o
         8          0          0          0          0        132   scanf2.o
        48          0          0          0          0        116   trapv.o
         0          0          0          0          0          0   usenofp.o
        64         16          0          0          0        248   dunder.o
        48          0          0          0          0        124   fpclassify.o
       140         22          0          0          0        132   frexp.o
       228          8          0          0          0        308   ldexp.o
       266         16          0          0          0        308   narrow.o
        40          8          0          0          0        128   strtod.o

    ----------------------------------------------------------------------
     13376        636        504          0         96      10160   Library Totals
        28          4          0          0          0          0   (incl. Padding)

    ----------------------------------------------------------------------

      Code (inc. data)   RO Data    RW Data    ZI Data      Debug   Library Name

      9294        366        488          0         96       5380   c_w.l
      3268        196         16          0          0       3532   fz_wm.l
       786         70          0          0          0       1248   m_wm.l

    ----------------------------------------------------------------------
     13376        636        504          0         96      10160   Library Totals

    ----------------------------------------------------------------------

==============================================================================


      Code (inc. data)   RO Data    RW Data    ZI Data      Debug   

     27584       1026       1364         28       4676     100464   Grand Totals
     27584       1026       1364         28       4676     100464   ELF Image Totals
     27584       1026       1364         28          0          0   ROM Totals

==============================================================================

    Total RO  Size (Code + RO Data)                28948 (  28.27kB)
    Total RW  Size (RW Data + ZI Data)              4704 (   4.59kB)
    Total ROM Size (Code + RO Data + RW Data)      28976 (  28.30kB)

==============================================================================

